<?xml version="1.0" encoding="ISO-8859-1" ?>
<link_info>
   <banner>MSP430 Linker PC v21.6.1.LTS</banner>
   <copyright>Copyright (c) 2003-2018 Texas Instruments Incorporated</copyright>
   <link_time>0x679c6393</link_time>
   <link_errors>0x0</link_errors>
   <output_file>Stress Test.out</output_file>
   <entry_point>
      <name>_c_int00_noargs</name>
      <address>0xc1e4</address>
   </entry_point>
   <input_file_list>
      <input_file id="fl-2">
         <path>.\</path>
         <kind>object</kind>
         <file>main.obj</file>
         <name>main.obj</name>
      </input_file>
      <input_file id="fl-3">
         <path>.\</path>
         <kind>object</kind>
         <file>system_pre_init.obj</file>
         <name>system_pre_init.obj</name>
      </input_file>
      <input_file id="fl-4">
         <path>.\</path>
         <kind>object</kind>
         <file>wait.obj</file>
         <name>wait.obj</name>
      </input_file>
      <input_file id="fl-5">
         <path>.\GrLib\fonts\</path>
         <kind>object</kind>
         <file>fontcm12.obj</file>
         <name>fontcm12.obj</name>
      </input_file>
      <input_file id="fl-6">
         <path>.\GrLib\fonts\</path>
         <kind>object</kind>
         <file>fontcm12b.obj</file>
         <name>fontcm12b.obj</name>
      </input_file>
      <input_file id="fl-7">
         <path>.\GrLib\fonts\</path>
         <kind>object</kind>
         <file>fontcm12i.obj</file>
         <name>fontcm12i.obj</name>
      </input_file>
      <input_file id="fl-8">
         <path>.\GrLib\fonts\</path>
         <kind>object</kind>
         <file>fontcm14.obj</file>
         <name>fontcm14.obj</name>
      </input_file>
      <input_file id="fl-9">
         <path>.\GrLib\fonts\</path>
         <kind>object</kind>
         <file>fontcm14b.obj</file>
         <name>fontcm14b.obj</name>
      </input_file>
      <input_file id="fl-a">
         <path>.\GrLib\fonts\</path>
         <kind>object</kind>
         <file>fontcm14i.obj</file>
         <name>fontcm14i.obj</name>
      </input_file>
      <input_file id="fl-b">
         <path>.\GrLib\fonts\</path>
         <kind>object</kind>
         <file>fontcm16.obj</file>
         <name>fontcm16.obj</name>
      </input_file>
      <input_file id="fl-c">
         <path>.\GrLib\fonts\</path>
         <kind>object</kind>
         <file>fontcm16b.obj</file>
         <name>fontcm16b.obj</name>
      </input_file>
      <input_file id="fl-d">
         <path>.\GrLib\fonts\</path>
         <kind>object</kind>
         <file>fontcm16i.obj</file>
         <name>fontcm16i.obj</name>
      </input_file>
      <input_file id="fl-e">
         <path>.\GrLib\fonts\</path>
         <kind>object</kind>
         <file>fontcm18.obj</file>
         <name>fontcm18.obj</name>
      </input_file>
      <input_file id="fl-f">
         <path>.\GrLib\fonts\</path>
         <kind>object</kind>
         <file>fontcm18b.obj</file>
         <name>fontcm18b.obj</name>
      </input_file>
      <input_file id="fl-10">
         <path>.\GrLib\fonts\</path>
         <kind>object</kind>
         <file>fontcm18i.obj</file>
         <name>fontcm18i.obj</name>
      </input_file>
      <input_file id="fl-11">
         <path>.\GrLib\fonts\</path>
         <kind>object</kind>
         <file>fontcm20.obj</file>
         <name>fontcm20.obj</name>
      </input_file>
      <input_file id="fl-12">
         <path>.\GrLib\fonts\</path>
         <kind>object</kind>
         <file>fontcm20b.obj</file>
         <name>fontcm20b.obj</name>
      </input_file>
      <input_file id="fl-13">
         <path>.\GrLib\fonts\</path>
         <kind>object</kind>
         <file>fontcm20i.obj</file>
         <name>fontcm20i.obj</name>
      </input_file>
      <input_file id="fl-14">
         <path>.\GrLib\fonts\</path>
         <kind>object</kind>
         <file>fontcm22.obj</file>
         <name>fontcm22.obj</name>
      </input_file>
      <input_file id="fl-15">
         <path>.\GrLib\fonts\</path>
         <kind>object</kind>
         <file>fontcm22b.obj</file>
         <name>fontcm22b.obj</name>
      </input_file>
      <input_file id="fl-16">
         <path>.\GrLib\fonts\</path>
         <kind>object</kind>
         <file>fontcm22i.obj</file>
         <name>fontcm22i.obj</name>
      </input_file>
      <input_file id="fl-17">
         <path>.\GrLib\fonts\</path>
         <kind>object</kind>
         <file>fontcm24.obj</file>
         <name>fontcm24.obj</name>
      </input_file>
      <input_file id="fl-18">
         <path>.\GrLib\fonts\</path>
         <kind>object</kind>
         <file>fontcm24b.obj</file>
         <name>fontcm24b.obj</name>
      </input_file>
      <input_file id="fl-19">
         <path>.\GrLib\fonts\</path>
         <kind>object</kind>
         <file>fontcm24i.obj</file>
         <name>fontcm24i.obj</name>
      </input_file>
      <input_file id="fl-1a">
         <path>.\GrLib\fonts\</path>
         <kind>object</kind>
         <file>fontcm26.obj</file>
         <name>fontcm26.obj</name>
      </input_file>
      <input_file id="fl-1b">
         <path>.\GrLib\fonts\</path>
         <kind>object</kind>
         <file>fontcm26b.obj</file>
         <name>fontcm26b.obj</name>
      </input_file>
      <input_file id="fl-1c">
         <path>.\GrLib\fonts\</path>
         <kind>object</kind>
         <file>fontcm26i.obj</file>
         <name>fontcm26i.obj</name>
      </input_file>
      <input_file id="fl-1d">
         <path>.\GrLib\fonts\</path>
         <kind>object</kind>
         <file>fontcm28.obj</file>
         <name>fontcm28.obj</name>
      </input_file>
      <input_file id="fl-1e">
         <path>.\GrLib\fonts\</path>
         <kind>object</kind>
         <file>fontcm28b.obj</file>
         <name>fontcm28b.obj</name>
      </input_file>
      <input_file id="fl-1f">
         <path>.\GrLib\fonts\</path>
         <kind>object</kind>
         <file>fontcm28i.obj</file>
         <name>fontcm28i.obj</name>
      </input_file>
      <input_file id="fl-20">
         <path>.\GrLib\fonts\</path>
         <kind>object</kind>
         <file>fontcm30.obj</file>
         <name>fontcm30.obj</name>
      </input_file>
      <input_file id="fl-21">
         <path>.\GrLib\fonts\</path>
         <kind>object</kind>
         <file>fontcm30b.obj</file>
         <name>fontcm30b.obj</name>
      </input_file>
      <input_file id="fl-22">
         <path>.\GrLib\fonts\</path>
         <kind>object</kind>
         <file>fontcm30i.obj</file>
         <name>fontcm30i.obj</name>
      </input_file>
      <input_file id="fl-23">
         <path>.\GrLib\fonts\</path>
         <kind>object</kind>
         <file>fontcm32.obj</file>
         <name>fontcm32.obj</name>
      </input_file>
      <input_file id="fl-24">
         <path>.\GrLib\fonts\</path>
         <kind>object</kind>
         <file>fontcm32b.obj</file>
         <name>fontcm32b.obj</name>
      </input_file>
      <input_file id="fl-25">
         <path>.\GrLib\fonts\</path>
         <kind>object</kind>
         <file>fontcm32i.obj</file>
         <name>fontcm32i.obj</name>
      </input_file>
      <input_file id="fl-26">
         <path>.\GrLib\fonts\</path>
         <kind>object</kind>
         <file>fontcm34.obj</file>
         <name>fontcm34.obj</name>
      </input_file>
      <input_file id="fl-27">
         <path>.\GrLib\fonts\</path>
         <kind>object</kind>
         <file>fontcm34b.obj</file>
         <name>fontcm34b.obj</name>
      </input_file>
      <input_file id="fl-28">
         <path>.\GrLib\fonts\</path>
         <kind>object</kind>
         <file>fontcm34i.obj</file>
         <name>fontcm34i.obj</name>
      </input_file>
      <input_file id="fl-29">
         <path>.\GrLib\fonts\</path>
         <kind>object</kind>
         <file>fontcm36.obj</file>
         <name>fontcm36.obj</name>
      </input_file>
      <input_file id="fl-2a">
         <path>.\GrLib\fonts\</path>
         <kind>object</kind>
         <file>fontcm36b.obj</file>
         <name>fontcm36b.obj</name>
      </input_file>
      <input_file id="fl-2b">
         <path>.\GrLib\fonts\</path>
         <kind>object</kind>
         <file>fontcm36i.obj</file>
         <name>fontcm36i.obj</name>
      </input_file>
      <input_file id="fl-2c">
         <path>.\GrLib\fonts\</path>
         <kind>object</kind>
         <file>fontcm38.obj</file>
         <name>fontcm38.obj</name>
      </input_file>
      <input_file id="fl-2d">
         <path>.\GrLib\fonts\</path>
         <kind>object</kind>
         <file>fontcm38b.obj</file>
         <name>fontcm38b.obj</name>
      </input_file>
      <input_file id="fl-2e">
         <path>.\GrLib\fonts\</path>
         <kind>object</kind>
         <file>fontcm38i.obj</file>
         <name>fontcm38i.obj</name>
      </input_file>
      <input_file id="fl-2f">
         <path>.\GrLib\fonts\</path>
         <kind>object</kind>
         <file>fontcm40.obj</file>
         <name>fontcm40.obj</name>
      </input_file>
      <input_file id="fl-30">
         <path>.\GrLib\fonts\</path>
         <kind>object</kind>
         <file>fontcm40b.obj</file>
         <name>fontcm40b.obj</name>
      </input_file>
      <input_file id="fl-31">
         <path>.\GrLib\fonts\</path>
         <kind>object</kind>
         <file>fontcm40i.obj</file>
         <name>fontcm40i.obj</name>
      </input_file>
      <input_file id="fl-32">
         <path>.\GrLib\fonts\</path>
         <kind>object</kind>
         <file>fontcm42.obj</file>
         <name>fontcm42.obj</name>
      </input_file>
      <input_file id="fl-33">
         <path>.\GrLib\fonts\</path>
         <kind>object</kind>
         <file>fontcm42b.obj</file>
         <name>fontcm42b.obj</name>
      </input_file>
      <input_file id="fl-34">
         <path>.\GrLib\fonts\</path>
         <kind>object</kind>
         <file>fontcm42i.obj</file>
         <name>fontcm42i.obj</name>
      </input_file>
      <input_file id="fl-35">
         <path>.\GrLib\fonts\</path>
         <kind>object</kind>
         <file>fontcm44.obj</file>
         <name>fontcm44.obj</name>
      </input_file>
      <input_file id="fl-36">
         <path>.\GrLib\fonts\</path>
         <kind>object</kind>
         <file>fontcm44b.obj</file>
         <name>fontcm44b.obj</name>
      </input_file>
      <input_file id="fl-37">
         <path>.\GrLib\fonts\</path>
         <kind>object</kind>
         <file>fontcm44i.obj</file>
         <name>fontcm44i.obj</name>
      </input_file>
      <input_file id="fl-38">
         <path>.\GrLib\fonts\</path>
         <kind>object</kind>
         <file>fontcm46.obj</file>
         <name>fontcm46.obj</name>
      </input_file>
      <input_file id="fl-39">
         <path>.\GrLib\fonts\</path>
         <kind>object</kind>
         <file>fontcm46b.obj</file>
         <name>fontcm46b.obj</name>
      </input_file>
      <input_file id="fl-3a">
         <path>.\GrLib\fonts\</path>
         <kind>object</kind>
         <file>fontcm46i.obj</file>
         <name>fontcm46i.obj</name>
      </input_file>
      <input_file id="fl-3b">
         <path>.\GrLib\fonts\</path>
         <kind>object</kind>
         <file>fontcm48.obj</file>
         <name>fontcm48.obj</name>
      </input_file>
      <input_file id="fl-3c">
         <path>.\GrLib\fonts\</path>
         <kind>object</kind>
         <file>fontcm48b.obj</file>
         <name>fontcm48b.obj</name>
      </input_file>
      <input_file id="fl-3d">
         <path>.\GrLib\fonts\</path>
         <kind>object</kind>
         <file>fontcm48i.obj</file>
         <name>fontcm48i.obj</name>
      </input_file>
      <input_file id="fl-3e">
         <path>.\GrLib\fonts\</path>
         <kind>object</kind>
         <file>fontcmsc12.obj</file>
         <name>fontcmsc12.obj</name>
      </input_file>
      <input_file id="fl-3f">
         <path>.\GrLib\fonts\</path>
         <kind>object</kind>
         <file>fontcmsc14.obj</file>
         <name>fontcmsc14.obj</name>
      </input_file>
      <input_file id="fl-40">
         <path>.\GrLib\fonts\</path>
         <kind>object</kind>
         <file>fontcmsc16.obj</file>
         <name>fontcmsc16.obj</name>
      </input_file>
      <input_file id="fl-41">
         <path>.\GrLib\fonts\</path>
         <kind>object</kind>
         <file>fontcmsc18.obj</file>
         <name>fontcmsc18.obj</name>
      </input_file>
      <input_file id="fl-42">
         <path>.\GrLib\fonts\</path>
         <kind>object</kind>
         <file>fontcmsc20.obj</file>
         <name>fontcmsc20.obj</name>
      </input_file>
      <input_file id="fl-43">
         <path>.\GrLib\fonts\</path>
         <kind>object</kind>
         <file>fontcmsc22.obj</file>
         <name>fontcmsc22.obj</name>
      </input_file>
      <input_file id="fl-44">
         <path>.\GrLib\fonts\</path>
         <kind>object</kind>
         <file>fontcmsc24.obj</file>
         <name>fontcmsc24.obj</name>
      </input_file>
      <input_file id="fl-45">
         <path>.\GrLib\fonts\</path>
         <kind>object</kind>
         <file>fontcmsc26.obj</file>
         <name>fontcmsc26.obj</name>
      </input_file>
      <input_file id="fl-46">
         <path>.\GrLib\fonts\</path>
         <kind>object</kind>
         <file>fontcmsc28.obj</file>
         <name>fontcmsc28.obj</name>
      </input_file>
      <input_file id="fl-47">
         <path>.\GrLib\fonts\</path>
         <kind>object</kind>
         <file>fontcmsc30.obj</file>
         <name>fontcmsc30.obj</name>
      </input_file>
      <input_file id="fl-48">
         <path>.\GrLib\fonts\</path>
         <kind>object</kind>
         <file>fontcmsc32.obj</file>
         <name>fontcmsc32.obj</name>
      </input_file>
      <input_file id="fl-49">
         <path>.\GrLib\fonts\</path>
         <kind>object</kind>
         <file>fontcmsc34.obj</file>
         <name>fontcmsc34.obj</name>
      </input_file>
      <input_file id="fl-4a">
         <path>.\GrLib\fonts\</path>
         <kind>object</kind>
         <file>fontcmsc36.obj</file>
         <name>fontcmsc36.obj</name>
      </input_file>
      <input_file id="fl-4b">
         <path>.\GrLib\fonts\</path>
         <kind>object</kind>
         <file>fontcmsc38.obj</file>
         <name>fontcmsc38.obj</name>
      </input_file>
      <input_file id="fl-4c">
         <path>.\GrLib\fonts\</path>
         <kind>object</kind>
         <file>fontcmsc40.obj</file>
         <name>fontcmsc40.obj</name>
      </input_file>
      <input_file id="fl-4d">
         <path>.\GrLib\fonts\</path>
         <kind>object</kind>
         <file>fontcmsc42.obj</file>
         <name>fontcmsc42.obj</name>
      </input_file>
      <input_file id="fl-4e">
         <path>.\GrLib\fonts\</path>
         <kind>object</kind>
         <file>fontcmsc44.obj</file>
         <name>fontcmsc44.obj</name>
      </input_file>
      <input_file id="fl-4f">
         <path>.\GrLib\fonts\</path>
         <kind>object</kind>
         <file>fontcmsc46.obj</file>
         <name>fontcmsc46.obj</name>
      </input_file>
      <input_file id="fl-50">
         <path>.\GrLib\fonts\</path>
         <kind>object</kind>
         <file>fontcmsc48.obj</file>
         <name>fontcmsc48.obj</name>
      </input_file>
      <input_file id="fl-51">
         <path>.\GrLib\fonts\</path>
         <kind>object</kind>
         <file>fontcmss12.obj</file>
         <name>fontcmss12.obj</name>
      </input_file>
      <input_file id="fl-52">
         <path>.\GrLib\fonts\</path>
         <kind>object</kind>
         <file>fontcmss12b.obj</file>
         <name>fontcmss12b.obj</name>
      </input_file>
      <input_file id="fl-53">
         <path>.\GrLib\fonts\</path>
         <kind>object</kind>
         <file>fontcmss12i.obj</file>
         <name>fontcmss12i.obj</name>
      </input_file>
      <input_file id="fl-54">
         <path>.\GrLib\fonts\</path>
         <kind>object</kind>
         <file>fontcmss14.obj</file>
         <name>fontcmss14.obj</name>
      </input_file>
      <input_file id="fl-55">
         <path>.\GrLib\fonts\</path>
         <kind>object</kind>
         <file>fontcmss14b.obj</file>
         <name>fontcmss14b.obj</name>
      </input_file>
      <input_file id="fl-56">
         <path>.\GrLib\fonts\</path>
         <kind>object</kind>
         <file>fontcmss14i.obj</file>
         <name>fontcmss14i.obj</name>
      </input_file>
      <input_file id="fl-57">
         <path>.\GrLib\fonts\</path>
         <kind>object</kind>
         <file>fontcmss16.obj</file>
         <name>fontcmss16.obj</name>
      </input_file>
      <input_file id="fl-58">
         <path>.\GrLib\fonts\</path>
         <kind>object</kind>
         <file>fontcmss16b.obj</file>
         <name>fontcmss16b.obj</name>
      </input_file>
      <input_file id="fl-59">
         <path>.\GrLib\fonts\</path>
         <kind>object</kind>
         <file>fontcmss16i.obj</file>
         <name>fontcmss16i.obj</name>
      </input_file>
      <input_file id="fl-5a">
         <path>.\GrLib\fonts\</path>
         <kind>object</kind>
         <file>fontcmss18.obj</file>
         <name>fontcmss18.obj</name>
      </input_file>
      <input_file id="fl-5b">
         <path>.\GrLib\fonts\</path>
         <kind>object</kind>
         <file>fontcmss18b.obj</file>
         <name>fontcmss18b.obj</name>
      </input_file>
      <input_file id="fl-5c">
         <path>.\GrLib\fonts\</path>
         <kind>object</kind>
         <file>fontcmss18i.obj</file>
         <name>fontcmss18i.obj</name>
      </input_file>
      <input_file id="fl-5d">
         <path>.\GrLib\fonts\</path>
         <kind>object</kind>
         <file>fontcmss20.obj</file>
         <name>fontcmss20.obj</name>
      </input_file>
      <input_file id="fl-5e">
         <path>.\GrLib\fonts\</path>
         <kind>object</kind>
         <file>fontcmss20b.obj</file>
         <name>fontcmss20b.obj</name>
      </input_file>
      <input_file id="fl-5f">
         <path>.\GrLib\fonts\</path>
         <kind>object</kind>
         <file>fontcmss20i.obj</file>
         <name>fontcmss20i.obj</name>
      </input_file>
      <input_file id="fl-60">
         <path>.\GrLib\fonts\</path>
         <kind>object</kind>
         <file>fontcmss22.obj</file>
         <name>fontcmss22.obj</name>
      </input_file>
      <input_file id="fl-61">
         <path>.\GrLib\fonts\</path>
         <kind>object</kind>
         <file>fontcmss22b.obj</file>
         <name>fontcmss22b.obj</name>
      </input_file>
      <input_file id="fl-62">
         <path>.\GrLib\fonts\</path>
         <kind>object</kind>
         <file>fontcmss22i.obj</file>
         <name>fontcmss22i.obj</name>
      </input_file>
      <input_file id="fl-63">
         <path>.\GrLib\fonts\</path>
         <kind>object</kind>
         <file>fontcmss24.obj</file>
         <name>fontcmss24.obj</name>
      </input_file>
      <input_file id="fl-64">
         <path>.\GrLib\fonts\</path>
         <kind>object</kind>
         <file>fontcmss24b.obj</file>
         <name>fontcmss24b.obj</name>
      </input_file>
      <input_file id="fl-65">
         <path>.\GrLib\fonts\</path>
         <kind>object</kind>
         <file>fontcmss24i.obj</file>
         <name>fontcmss24i.obj</name>
      </input_file>
      <input_file id="fl-66">
         <path>.\GrLib\fonts\</path>
         <kind>object</kind>
         <file>fontcmss26.obj</file>
         <name>fontcmss26.obj</name>
      </input_file>
      <input_file id="fl-67">
         <path>.\GrLib\fonts\</path>
         <kind>object</kind>
         <file>fontcmss26b.obj</file>
         <name>fontcmss26b.obj</name>
      </input_file>
      <input_file id="fl-68">
         <path>.\GrLib\fonts\</path>
         <kind>object</kind>
         <file>fontcmss26i.obj</file>
         <name>fontcmss26i.obj</name>
      </input_file>
      <input_file id="fl-69">
         <path>.\GrLib\fonts\</path>
         <kind>object</kind>
         <file>fontcmss28.obj</file>
         <name>fontcmss28.obj</name>
      </input_file>
      <input_file id="fl-6a">
         <path>.\GrLib\fonts\</path>
         <kind>object</kind>
         <file>fontcmss28b.obj</file>
         <name>fontcmss28b.obj</name>
      </input_file>
      <input_file id="fl-6b">
         <path>.\GrLib\fonts\</path>
         <kind>object</kind>
         <file>fontcmss28i.obj</file>
         <name>fontcmss28i.obj</name>
      </input_file>
      <input_file id="fl-6c">
         <path>.\GrLib\fonts\</path>
         <kind>object</kind>
         <file>fontcmss30.obj</file>
         <name>fontcmss30.obj</name>
      </input_file>
      <input_file id="fl-6d">
         <path>.\GrLib\fonts\</path>
         <kind>object</kind>
         <file>fontcmss30b.obj</file>
         <name>fontcmss30b.obj</name>
      </input_file>
      <input_file id="fl-6e">
         <path>.\GrLib\fonts\</path>
         <kind>object</kind>
         <file>fontcmss30i.obj</file>
         <name>fontcmss30i.obj</name>
      </input_file>
      <input_file id="fl-6f">
         <path>.\GrLib\fonts\</path>
         <kind>object</kind>
         <file>fontcmss32.obj</file>
         <name>fontcmss32.obj</name>
      </input_file>
      <input_file id="fl-70">
         <path>.\GrLib\fonts\</path>
         <kind>object</kind>
         <file>fontcmss32b.obj</file>
         <name>fontcmss32b.obj</name>
      </input_file>
      <input_file id="fl-71">
         <path>.\GrLib\fonts\</path>
         <kind>object</kind>
         <file>fontcmss32i.obj</file>
         <name>fontcmss32i.obj</name>
      </input_file>
      <input_file id="fl-72">
         <path>.\GrLib\fonts\</path>
         <kind>object</kind>
         <file>fontcmss34.obj</file>
         <name>fontcmss34.obj</name>
      </input_file>
      <input_file id="fl-73">
         <path>.\GrLib\fonts\</path>
         <kind>object</kind>
         <file>fontcmss34b.obj</file>
         <name>fontcmss34b.obj</name>
      </input_file>
      <input_file id="fl-74">
         <path>.\GrLib\fonts\</path>
         <kind>object</kind>
         <file>fontcmss34i.obj</file>
         <name>fontcmss34i.obj</name>
      </input_file>
      <input_file id="fl-75">
         <path>.\GrLib\fonts\</path>
         <kind>object</kind>
         <file>fontcmss36.obj</file>
         <name>fontcmss36.obj</name>
      </input_file>
      <input_file id="fl-76">
         <path>.\GrLib\fonts\</path>
         <kind>object</kind>
         <file>fontcmss36b.obj</file>
         <name>fontcmss36b.obj</name>
      </input_file>
      <input_file id="fl-77">
         <path>.\GrLib\fonts\</path>
         <kind>object</kind>
         <file>fontcmss36i.obj</file>
         <name>fontcmss36i.obj</name>
      </input_file>
      <input_file id="fl-78">
         <path>.\GrLib\fonts\</path>
         <kind>object</kind>
         <file>fontcmss38.obj</file>
         <name>fontcmss38.obj</name>
      </input_file>
      <input_file id="fl-79">
         <path>.\GrLib\fonts\</path>
         <kind>object</kind>
         <file>fontcmss38b.obj</file>
         <name>fontcmss38b.obj</name>
      </input_file>
      <input_file id="fl-7a">
         <path>.\GrLib\fonts\</path>
         <kind>object</kind>
         <file>fontcmss38i.obj</file>
         <name>fontcmss38i.obj</name>
      </input_file>
      <input_file id="fl-7b">
         <path>.\GrLib\fonts\</path>
         <kind>object</kind>
         <file>fontcmss40.obj</file>
         <name>fontcmss40.obj</name>
      </input_file>
      <input_file id="fl-7c">
         <path>.\GrLib\fonts\</path>
         <kind>object</kind>
         <file>fontcmss40b.obj</file>
         <name>fontcmss40b.obj</name>
      </input_file>
      <input_file id="fl-7d">
         <path>.\GrLib\fonts\</path>
         <kind>object</kind>
         <file>fontcmss40i.obj</file>
         <name>fontcmss40i.obj</name>
      </input_file>
      <input_file id="fl-7e">
         <path>.\GrLib\fonts\</path>
         <kind>object</kind>
         <file>fontcmss42.obj</file>
         <name>fontcmss42.obj</name>
      </input_file>
      <input_file id="fl-7f">
         <path>.\GrLib\fonts\</path>
         <kind>object</kind>
         <file>fontcmss42b.obj</file>
         <name>fontcmss42b.obj</name>
      </input_file>
      <input_file id="fl-80">
         <path>.\GrLib\fonts\</path>
         <kind>object</kind>
         <file>fontcmss42i.obj</file>
         <name>fontcmss42i.obj</name>
      </input_file>
      <input_file id="fl-81">
         <path>.\GrLib\fonts\</path>
         <kind>object</kind>
         <file>fontcmss44.obj</file>
         <name>fontcmss44.obj</name>
      </input_file>
      <input_file id="fl-82">
         <path>.\GrLib\fonts\</path>
         <kind>object</kind>
         <file>fontcmss44b.obj</file>
         <name>fontcmss44b.obj</name>
      </input_file>
      <input_file id="fl-83">
         <path>.\GrLib\fonts\</path>
         <kind>object</kind>
         <file>fontcmss44i.obj</file>
         <name>fontcmss44i.obj</name>
      </input_file>
      <input_file id="fl-84">
         <path>.\GrLib\fonts\</path>
         <kind>object</kind>
         <file>fontcmss46.obj</file>
         <name>fontcmss46.obj</name>
      </input_file>
      <input_file id="fl-85">
         <path>.\GrLib\fonts\</path>
         <kind>object</kind>
         <file>fontcmss46b.obj</file>
         <name>fontcmss46b.obj</name>
      </input_file>
      <input_file id="fl-86">
         <path>.\GrLib\fonts\</path>
         <kind>object</kind>
         <file>fontcmss46i.obj</file>
         <name>fontcmss46i.obj</name>
      </input_file>
      <input_file id="fl-87">
         <path>.\GrLib\fonts\</path>
         <kind>object</kind>
         <file>fontcmss48.obj</file>
         <name>fontcmss48.obj</name>
      </input_file>
      <input_file id="fl-88">
         <path>.\GrLib\fonts\</path>
         <kind>object</kind>
         <file>fontcmss48b.obj</file>
         <name>fontcmss48b.obj</name>
      </input_file>
      <input_file id="fl-89">
         <path>.\GrLib\fonts\</path>
         <kind>object</kind>
         <file>fontcmss48i.obj</file>
         <name>fontcmss48i.obj</name>
      </input_file>
      <input_file id="fl-8a">
         <path>.\GrLib\fonts\</path>
         <kind>object</kind>
         <file>fontcmtt12.obj</file>
         <name>fontcmtt12.obj</name>
      </input_file>
      <input_file id="fl-8b">
         <path>.\GrLib\fonts\</path>
         <kind>object</kind>
         <file>fontcmtt14.obj</file>
         <name>fontcmtt14.obj</name>
      </input_file>
      <input_file id="fl-8c">
         <path>.\GrLib\fonts\</path>
         <kind>object</kind>
         <file>fontcmtt16.obj</file>
         <name>fontcmtt16.obj</name>
      </input_file>
      <input_file id="fl-8d">
         <path>.\GrLib\fonts\</path>
         <kind>object</kind>
         <file>fontcmtt18.obj</file>
         <name>fontcmtt18.obj</name>
      </input_file>
      <input_file id="fl-8e">
         <path>.\GrLib\fonts\</path>
         <kind>object</kind>
         <file>fontcmtt20.obj</file>
         <name>fontcmtt20.obj</name>
      </input_file>
      <input_file id="fl-8f">
         <path>.\GrLib\fonts\</path>
         <kind>object</kind>
         <file>fontcmtt22.obj</file>
         <name>fontcmtt22.obj</name>
      </input_file>
      <input_file id="fl-90">
         <path>.\GrLib\fonts\</path>
         <kind>object</kind>
         <file>fontcmtt24.obj</file>
         <name>fontcmtt24.obj</name>
      </input_file>
      <input_file id="fl-91">
         <path>.\GrLib\fonts\</path>
         <kind>object</kind>
         <file>fontcmtt26.obj</file>
         <name>fontcmtt26.obj</name>
      </input_file>
      <input_file id="fl-92">
         <path>.\GrLib\fonts\</path>
         <kind>object</kind>
         <file>fontcmtt28.obj</file>
         <name>fontcmtt28.obj</name>
      </input_file>
      <input_file id="fl-93">
         <path>.\GrLib\fonts\</path>
         <kind>object</kind>
         <file>fontcmtt30.obj</file>
         <name>fontcmtt30.obj</name>
      </input_file>
      <input_file id="fl-94">
         <path>.\GrLib\fonts\</path>
         <kind>object</kind>
         <file>fontcmtt32.obj</file>
         <name>fontcmtt32.obj</name>
      </input_file>
      <input_file id="fl-95">
         <path>.\GrLib\fonts\</path>
         <kind>object</kind>
         <file>fontcmtt34.obj</file>
         <name>fontcmtt34.obj</name>
      </input_file>
      <input_file id="fl-96">
         <path>.\GrLib\fonts\</path>
         <kind>object</kind>
         <file>fontcmtt36.obj</file>
         <name>fontcmtt36.obj</name>
      </input_file>
      <input_file id="fl-97">
         <path>.\GrLib\fonts\</path>
         <kind>object</kind>
         <file>fontcmtt38.obj</file>
         <name>fontcmtt38.obj</name>
      </input_file>
      <input_file id="fl-98">
         <path>.\GrLib\fonts\</path>
         <kind>object</kind>
         <file>fontcmtt40.obj</file>
         <name>fontcmtt40.obj</name>
      </input_file>
      <input_file id="fl-99">
         <path>.\GrLib\fonts\</path>
         <kind>object</kind>
         <file>fontcmtt42.obj</file>
         <name>fontcmtt42.obj</name>
      </input_file>
      <input_file id="fl-9a">
         <path>.\GrLib\fonts\</path>
         <kind>object</kind>
         <file>fontcmtt44.obj</file>
         <name>fontcmtt44.obj</name>
      </input_file>
      <input_file id="fl-9b">
         <path>.\GrLib\fonts\</path>
         <kind>object</kind>
         <file>fontcmtt46.obj</file>
         <name>fontcmtt46.obj</name>
      </input_file>
      <input_file id="fl-9c">
         <path>.\GrLib\fonts\</path>
         <kind>object</kind>
         <file>fontcmtt48.obj</file>
         <name>fontcmtt48.obj</name>
      </input_file>
      <input_file id="fl-9d">
         <path>.\GrLib\fonts\</path>
         <kind>object</kind>
         <file>fontfixed6x8.obj</file>
         <name>fontfixed6x8.obj</name>
      </input_file>
      <input_file id="fl-9e">
         <path>.\GrLib\grlib\</path>
         <kind>object</kind>
         <file>button.obj</file>
         <name>button.obj</name>
      </input_file>
      <input_file id="fl-9f">
         <path>.\GrLib\grlib\</path>
         <kind>object</kind>
         <file>checkbox.obj</file>
         <name>checkbox.obj</name>
      </input_file>
      <input_file id="fl-a0">
         <path>.\GrLib\grlib\</path>
         <kind>object</kind>
         <file>circle.obj</file>
         <name>circle.obj</name>
      </input_file>
      <input_file id="fl-a1">
         <path>.\GrLib\grlib\</path>
         <kind>object</kind>
         <file>context.obj</file>
         <name>context.obj</name>
      </input_file>
      <input_file id="fl-a2">
         <path>.\GrLib\grlib\</path>
         <kind>object</kind>
         <file>display.obj</file>
         <name>display.obj</name>
      </input_file>
      <input_file id="fl-a3">
         <path>.\GrLib\grlib\</path>
         <kind>object</kind>
         <file>image.obj</file>
         <name>image.obj</name>
      </input_file>
      <input_file id="fl-a4">
         <path>.\GrLib\grlib\</path>
         <kind>object</kind>
         <file>imageButton.obj</file>
         <name>imageButton.obj</name>
      </input_file>
      <input_file id="fl-a5">
         <path>.\GrLib\grlib\</path>
         <kind>object</kind>
         <file>line.obj</file>
         <name>line.obj</name>
      </input_file>
      <input_file id="fl-a6">
         <path>.\GrLib\grlib\</path>
         <kind>object</kind>
         <file>radioButton.obj</file>
         <name>radioButton.obj</name>
      </input_file>
      <input_file id="fl-a7">
         <path>.\GrLib\grlib\</path>
         <kind>object</kind>
         <file>rectangle.obj</file>
         <name>rectangle.obj</name>
      </input_file>
      <input_file id="fl-a8">
         <path>.\GrLib\grlib\</path>
         <kind>object</kind>
         <file>string.obj</file>
         <name>string.obj</name>
      </input_file>
      <input_file id="fl-a9">
         <path>.\Lcd_Driver\</path>
         <kind>object</kind>
         <file>Template_Driver.obj</file>
         <name>Template_Driver.obj</name>
      </input_file>
      <input_file id="fl-ae">
         <kind>object</kind>
         <file>&lt;internal&gt;</file>
         <name>&lt;internal&gt;</name>
      </input_file>
      <input_file id="fl-c4">
         <path>C:\ti\ccs2002\ccs\tools\compiler\ti-cgt-msp430_21.6.1.LTS\lib\</path>
         <kind>archive</kind>
         <file>rts430_eabi.lib</file>
         <name>asr16.asm.obj</name>
      </input_file>
      <input_file id="fl-c5">
         <path>C:\ti\ccs2002\ccs\tools\compiler\ti-cgt-msp430_21.6.1.LTS\lib\</path>
         <kind>archive</kind>
         <file>rts430_eabi.lib</file>
         <name>div16s.asm.obj</name>
      </input_file>
      <input_file id="fl-c6">
         <path>C:\ti\ccs2002\ccs\tools\compiler\ti-cgt-msp430_21.6.1.LTS\lib\</path>
         <kind>archive</kind>
         <file>rts430_eabi.lib</file>
         <name>div16u.asm.obj</name>
      </input_file>
      <input_file id="fl-c7">
         <path>C:\ti\ccs2002\ccs\tools\compiler\ti-cgt-msp430_21.6.1.LTS\lib\</path>
         <kind>archive</kind>
         <file>rts430_eabi.lib</file>
         <name>div32s.asm.obj</name>
      </input_file>
      <input_file id="fl-c8">
         <path>C:\ti\ccs2002\ccs\tools\compiler\ti-cgt-msp430_21.6.1.LTS\lib\</path>
         <kind>archive</kind>
         <file>rts430_eabi.lib</file>
         <name>div32u.asm.obj</name>
      </input_file>
      <input_file id="fl-c9">
         <path>C:\ti\ccs2002\ccs\tools\compiler\ti-cgt-msp430_21.6.1.LTS\lib\</path>
         <kind>archive</kind>
         <file>rts430_eabi.lib</file>
         <name>epilog.asm.obj</name>
      </input_file>
      <input_file id="fl-ca">
         <path>C:\ti\ccs2002\ccs\tools\compiler\ti-cgt-msp430_21.6.1.LTS\lib\</path>
         <kind>archive</kind>
         <file>rts430_eabi.lib</file>
         <name>int00.asm.obj</name>
      </input_file>
      <input_file id="fl-cb">
         <path>C:\ti\ccs2002\ccs\tools\compiler\ti-cgt-msp430_21.6.1.LTS\lib\</path>
         <kind>archive</kind>
         <file>rts430_eabi.lib</file>
         <name>int02.asm.obj</name>
      </input_file>
      <input_file id="fl-cc">
         <path>C:\ti\ccs2002\ccs\tools\compiler\ti-cgt-msp430_21.6.1.LTS\lib\</path>
         <kind>archive</kind>
         <file>rts430_eabi.lib</file>
         <name>int03.asm.obj</name>
      </input_file>
      <input_file id="fl-cd">
         <path>C:\ti\ccs2002\ccs\tools\compiler\ti-cgt-msp430_21.6.1.LTS\lib\</path>
         <kind>archive</kind>
         <file>rts430_eabi.lib</file>
         <name>int05.asm.obj</name>
      </input_file>
      <input_file id="fl-ce">
         <path>C:\ti\ccs2002\ccs\tools\compiler\ti-cgt-msp430_21.6.1.LTS\lib\</path>
         <kind>archive</kind>
         <file>rts430_eabi.lib</file>
         <name>int06.asm.obj</name>
      </input_file>
      <input_file id="fl-cf">
         <path>C:\ti\ccs2002\ccs\tools\compiler\ti-cgt-msp430_21.6.1.LTS\lib\</path>
         <kind>archive</kind>
         <file>rts430_eabi.lib</file>
         <name>int07.asm.obj</name>
      </input_file>
      <input_file id="fl-d0">
         <path>C:\ti\ccs2002\ccs\tools\compiler\ti-cgt-msp430_21.6.1.LTS\lib\</path>
         <kind>archive</kind>
         <file>rts430_eabi.lib</file>
         <name>int08.asm.obj</name>
      </input_file>
      <input_file id="fl-d1">
         <path>C:\ti\ccs2002\ccs\tools\compiler\ti-cgt-msp430_21.6.1.LTS\lib\</path>
         <kind>archive</kind>
         <file>rts430_eabi.lib</file>
         <name>int09.asm.obj</name>
      </input_file>
      <input_file id="fl-d2">
         <path>C:\ti\ccs2002\ccs\tools\compiler\ti-cgt-msp430_21.6.1.LTS\lib\</path>
         <kind>archive</kind>
         <file>rts430_eabi.lib</file>
         <name>int10.asm.obj</name>
      </input_file>
      <input_file id="fl-d3">
         <path>C:\ti\ccs2002\ccs\tools\compiler\ti-cgt-msp430_21.6.1.LTS\lib\</path>
         <kind>archive</kind>
         <file>rts430_eabi.lib</file>
         <name>int11.asm.obj</name>
      </input_file>
      <input_file id="fl-d4">
         <path>C:\ti\ccs2002\ccs\tools\compiler\ti-cgt-msp430_21.6.1.LTS\lib\</path>
         <kind>archive</kind>
         <file>rts430_eabi.lib</file>
         <name>int12.asm.obj</name>
      </input_file>
      <input_file id="fl-d5">
         <path>C:\ti\ccs2002\ccs\tools\compiler\ti-cgt-msp430_21.6.1.LTS\lib\</path>
         <kind>archive</kind>
         <file>rts430_eabi.lib</file>
         <name>int13.asm.obj</name>
      </input_file>
      <input_file id="fl-d6">
         <path>C:\ti\ccs2002\ccs\tools\compiler\ti-cgt-msp430_21.6.1.LTS\lib\</path>
         <kind>archive</kind>
         <file>rts430_eabi.lib</file>
         <name>int14.asm.obj</name>
      </input_file>
      <input_file id="fl-d7">
         <path>C:\ti\ccs2002\ccs\tools\compiler\ti-cgt-msp430_21.6.1.LTS\lib\</path>
         <kind>archive</kind>
         <file>rts430_eabi.lib</file>
         <name>isr_trap.asm.obj</name>
      </input_file>
      <input_file id="fl-d8">
         <path>C:\ti\ccs2002\ccs\tools\compiler\ti-cgt-msp430_21.6.1.LTS\lib\</path>
         <kind>archive</kind>
         <file>rts430_eabi.lib</file>
         <name>lsl16.asm.obj</name>
      </input_file>
      <input_file id="fl-d9">
         <path>C:\ti\ccs2002\ccs\tools\compiler\ti-cgt-msp430_21.6.1.LTS\lib\</path>
         <kind>archive</kind>
         <file>rts430_eabi.lib</file>
         <name>lsr16.asm.obj</name>
      </input_file>
      <input_file id="fl-da">
         <path>C:\ti\ccs2002\ccs\tools\compiler\ti-cgt-msp430_21.6.1.LTS\lib\</path>
         <kind>archive</kind>
         <file>rts430_eabi.lib</file>
         <name>lsr32.asm.obj</name>
      </input_file>
      <input_file id="fl-db">
         <path>C:\ti\ccs2002\ccs\tools\compiler\ti-cgt-msp430_21.6.1.LTS\lib\</path>
         <kind>archive</kind>
         <file>rts430_eabi.lib</file>
         <name>mult16.asm.obj</name>
      </input_file>
      <input_file id="fl-dc">
         <path>C:\ti\ccs2002\ccs\tools\compiler\ti-cgt-msp430_21.6.1.LTS\lib\</path>
         <kind>archive</kind>
         <file>rts430_eabi.lib</file>
         <name>mult32.asm.obj</name>
      </input_file>
      <input_file id="fl-dd">
         <path>C:\ti\ccs2002\ccs\tools\compiler\ti-cgt-msp430_21.6.1.LTS\lib\</path>
         <kind>archive</kind>
         <file>rts430_eabi.lib</file>
         <name>boot.c.obj</name>
      </input_file>
      <input_file id="fl-de">
         <path>C:\ti\ccs2002\ccs\tools\compiler\ti-cgt-msp430_21.6.1.LTS\lib\</path>
         <kind>archive</kind>
         <file>rts430_eabi.lib</file>
         <name>autoinit.c.obj</name>
      </input_file>
      <input_file id="fl-df">
         <path>C:\ti\ccs2002\ccs\tools\compiler\ti-cgt-msp430_21.6.1.LTS\lib\</path>
         <kind>archive</kind>
         <file>rts430_eabi.lib</file>
         <name>copy_zero_init.c.obj</name>
      </input_file>
      <input_file id="fl-e0">
         <path>C:\ti\ccs2002\ccs\tools\compiler\ti-cgt-msp430_21.6.1.LTS\lib\</path>
         <kind>archive</kind>
         <file>rts430_eabi.lib</file>
         <name>cpy_tbl.c.obj</name>
      </input_file>
      <input_file id="fl-e1">
         <path>C:\ti\ccs2002\ccs\tools\compiler\ti-cgt-msp430_21.6.1.LTS\lib\</path>
         <kind>archive</kind>
         <file>rts430_eabi.lib</file>
         <name>mpu_init.c.obj</name>
      </input_file>
      <input_file id="fl-e2">
         <path>C:\ti\ccs2002\ccs\tools\compiler\ti-cgt-msp430_21.6.1.LTS\lib\</path>
         <kind>archive</kind>
         <file>rts430_eabi.lib</file>
         <name>startup.c.obj</name>
      </input_file>
      <input_file id="fl-e3">
         <path>C:\ti\ccs2002\ccs\tools\compiler\ti-cgt-msp430_21.6.1.LTS\lib\</path>
         <kind>archive</kind>
         <file>rts430_eabi.lib</file>
         <name>copy_decompress_none.c.obj</name>
      </input_file>
      <input_file id="fl-e4">
         <path>C:\ti\ccs2002\ccs\tools\compiler\ti-cgt-msp430_21.6.1.LTS\lib\</path>
         <kind>archive</kind>
         <file>rts430_eabi.lib</file>
         <name>copy_decompress_lzss.c.obj</name>
      </input_file>
      <input_file id="fl-e5">
         <path>C:\ti\ccs2002\ccs\tools\compiler\ti-cgt-msp430_21.6.1.LTS\lib\</path>
         <kind>archive</kind>
         <file>rts430_eabi.lib</file>
         <name>exit.c.obj</name>
      </input_file>
      <input_file id="fl-e6">
         <path>C:\ti\ccs2002\ccs\tools\compiler\ti-cgt-msp430_21.6.1.LTS\lib\</path>
         <kind>archive</kind>
         <file>rts430_eabi.lib</file>
         <name>_lock.c.obj</name>
      </input_file>
      <input_file id="fl-e7">
         <path>C:\ti\ccs2002\ccs\tools\compiler\ti-cgt-msp430_21.6.1.LTS\lib\</path>
         <kind>archive</kind>
         <file>rts430_eabi.lib</file>
         <name>args_main.c.obj</name>
      </input_file>
      <input_file id="fl-e8">
         <path>C:\ti\ccs2002\ccs\tools\compiler\ti-cgt-msp430_21.6.1.LTS\lib\</path>
         <kind>archive</kind>
         <file>rts430_eabi.lib</file>
         <name>memcpy.c.obj</name>
      </input_file>
      <input_file id="fl-e9">
         <path>C:\ti\ccs2002\ccs\tools\compiler\ti-cgt-msp430_21.6.1.LTS\lib\</path>
         <kind>archive</kind>
         <file>rts430_eabi.lib</file>
         <name>exit_gvars.c.obj</name>
      </input_file>
   </input_file_list>
   <object_component_list>
      <object_component id="oc-17d">
         <name>.data:times</name>
         <load_address>0x200</load_address>
         <run_address>0x200</run_address>
         <size>0x104</size>
         <input_file_ref idref="fl-2"/>
      </object_component>
      <object_component id="oc-b1">
         <name>.stack</name>
         <uninitialized>true</uninitialized>
         <run_address>0x3b0</run_address>
         <size>0x2</size>
         <input_file_ref idref="fl-dd"/>
      </object_component>
      <object_component id="oc-289">
         <name>.stack</name>
         <uninitialized>true</uninitialized>
         <run_address>0x3b0</run_address>
         <size>0x0</size>
      </object_component>
      <object_component id="oc-34">
         <name>.text:decompress:lzss:__TI_decompress_lzss</name>
         <load_address>0xc000</load_address>
         <run_address>0xc000</run_address>
         <size>0x7c</size>
         <input_file_ref idref="fl-e4"/>
      </object_component>
      <object_component id="oc-145">
         <name>.text:main</name>
         <load_address>0xc07c</load_address>
         <run_address>0xc07c</run_address>
         <size>0x5a</size>
         <input_file_ref idref="fl-2"/>
      </object_component>
      <object_component id="oc-ba">
         <name>.text</name>
         <load_address>0xc0d6</load_address>
         <run_address>0xc0d6</run_address>
         <size>0x4c</size>
         <input_file_ref idref="fl-d9"/>
      </object_component>
      <object_component id="oc-192">
         <name>.text:__TI_auto_init_nobinit_nopinit:__TI_auto_init_nobinit_nopinit</name>
         <load_address>0xc122</load_address>
         <run_address>0xc122</run_address>
         <size>0x42</size>
         <input_file_ref idref="fl-de"/>
      </object_component>
      <object_component id="oc-178">
         <name>.text</name>
         <load_address>0xc164</load_address>
         <run_address>0xc164</run_address>
         <size>0x2c</size>
         <input_file_ref idref="fl-c5"/>
      </object_component>
      <object_component id="oc-b5">
         <name>.text</name>
         <load_address>0xc190</load_address>
         <run_address>0xc190</run_address>
         <size>0x2c</size>
         <input_file_ref idref="fl-d8"/>
      </object_component>
      <object_component id="oc-172">
         <name>.text:wait</name>
         <load_address>0xc1bc</load_address>
         <run_address>0xc1bc</run_address>
         <size>0x28</size>
         <input_file_ref idref="fl-4"/>
      </object_component>
      <object_component id="oc-f3">
         <name>.text:_c_int00_noargs</name>
         <load_address>0xc1e4</load_address>
         <run_address>0xc1e4</run_address>
         <size>0x1c</size>
         <input_file_ref idref="fl-dd"/>
      </object_component>
      <object_component id="oc-1cb">
         <name>.text</name>
         <load_address>0xc200</load_address>
         <run_address>0xc200</run_address>
         <size>0x16</size>
         <input_file_ref idref="fl-c6"/>
      </object_component>
      <object_component id="oc-180">
         <name>.text</name>
         <load_address>0xc216</load_address>
         <run_address>0xc216</run_address>
         <size>0x14</size>
         <input_file_ref idref="fl-db"/>
      </object_component>
      <object_component id="oc-3a">
         <name>.text:decompress:none:__TI_decompress_none</name>
         <load_address>0xc22a</load_address>
         <run_address>0xc22a</run_address>
         <size>0x12</size>
         <input_file_ref idref="fl-e3"/>
      </object_component>
      <object_component id="oc-cf">
         <name>.text:memcpy</name>
         <load_address>0xc23c</load_address>
         <run_address>0xc23c</run_address>
         <size>0x12</size>
         <input_file_ref idref="fl-e8"/>
      </object_component>
      <object_component id="oc-bf">
         <name>.text</name>
         <load_address>0xc24e</load_address>
         <run_address>0xc24e</run_address>
         <size>0x10</size>
         <input_file_ref idref="fl-c9"/>
      </object_component>
      <object_component id="oc-13f">
         <name>.text:_system_pre_init</name>
         <load_address>0xc25e</load_address>
         <run_address>0xc25e</run_address>
         <size>0xa</size>
         <input_file_ref idref="fl-3"/>
      </object_component>
      <object_component id="oc-dc">
         <name>.text:_isr:__TI_ISR_TRAP</name>
         <load_address>0xc268</load_address>
         <run_address>0xc268</run_address>
         <size>0x8</size>
         <input_file_ref idref="fl-d7"/>
      </object_component>
      <object_component id="oc-186">
         <name>.text:abort</name>
         <load_address>0xc270</load_address>
         <run_address>0xc270</run_address>
         <size>0x6</size>
         <input_file_ref idref="fl-e5"/>
      </object_component>
      <object_component id="oc-1e7">
         <name>.text:_system_post_cinit</name>
         <load_address>0xc276</load_address>
         <run_address>0xc276</run_address>
         <size>0x2</size>
         <input_file_ref idref="fl-e2"/>
      </object_component>
      <object_component id="oc-288">
         <name>.cinit..data.load</name>
         <load_address>0xc278</load_address>
         <run_address>0xc278</run_address>
         <size>0x3b</size>
      </object_component>
      <object_component id="oc-286">
         <name>__TI_handler_table</name>
         <load_address>0xc2b4</load_address>
         <run_address>0xc2b4</run_address>
         <size>0x4</size>
      </object_component>
      <object_component id="oc-287">
         <name>__TI_cinit_table</name>
         <load_address>0xc2b8</load_address>
         <run_address>0xc2b8</run_address>
         <size>0x4</size>
      </object_component>
      <object_component id="oc-248">
         <name>.binit</name>
         <load_address>0xc000</load_address>
         <run_address>0xc000</run_address>
         <size>0x0</size>
      </object_component>
      <object_component id="oc-40">
         <name>.int00</name>
         <load_address>0xffe0</load_address>
         <run_address>0xffe0</run_address>
         <size>0x2</size>
         <input_file_ref idref="fl-ca"/>
      </object_component>
      <object_component id="oc-41">
         <name>.int02</name>
         <load_address>0xffe4</load_address>
         <run_address>0xffe4</run_address>
         <size>0x2</size>
         <input_file_ref idref="fl-cb"/>
      </object_component>
      <object_component id="oc-42">
         <name>.int03</name>
         <load_address>0xffe6</load_address>
         <run_address>0xffe6</run_address>
         <size>0x2</size>
         <input_file_ref idref="fl-cc"/>
      </object_component>
      <object_component id="oc-43">
         <name>.int05</name>
         <load_address>0xffea</load_address>
         <run_address>0xffea</run_address>
         <size>0x2</size>
         <input_file_ref idref="fl-cd"/>
      </object_component>
      <object_component id="oc-44">
         <name>.int06</name>
         <load_address>0xffec</load_address>
         <run_address>0xffec</run_address>
         <size>0x2</size>
         <input_file_ref idref="fl-ce"/>
      </object_component>
      <object_component id="oc-45">
         <name>.int07</name>
         <load_address>0xffee</load_address>
         <run_address>0xffee</run_address>
         <size>0x2</size>
         <input_file_ref idref="fl-cf"/>
      </object_component>
      <object_component id="oc-46">
         <name>.int08</name>
         <load_address>0xfff0</load_address>
         <run_address>0xfff0</run_address>
         <size>0x2</size>
         <input_file_ref idref="fl-d0"/>
      </object_component>
      <object_component id="oc-47">
         <name>.int09</name>
         <load_address>0xfff2</load_address>
         <run_address>0xfff2</run_address>
         <size>0x2</size>
         <input_file_ref idref="fl-d1"/>
      </object_component>
      <object_component id="oc-48">
         <name>.int10</name>
         <load_address>0xfff4</load_address>
         <run_address>0xfff4</run_address>
         <size>0x2</size>
         <input_file_ref idref="fl-d2"/>
      </object_component>
      <object_component id="oc-49">
         <name>.int11</name>
         <load_address>0xfff6</load_address>
         <run_address>0xfff6</run_address>
         <size>0x2</size>
         <input_file_ref idref="fl-d3"/>
      </object_component>
      <object_component id="oc-4a">
         <name>.int12</name>
         <load_address>0xfff8</load_address>
         <run_address>0xfff8</run_address>
         <size>0x2</size>
         <input_file_ref idref="fl-d4"/>
      </object_component>
      <object_component id="oc-4b">
         <name>.int13</name>
         <load_address>0xfffa</load_address>
         <run_address>0xfffa</run_address>
         <size>0x2</size>
         <input_file_ref idref="fl-d5"/>
      </object_component>
      <object_component id="oc-4c">
         <name>.int14</name>
         <load_address>0xfffc</load_address>
         <run_address>0xfffc</run_address>
         <size>0x2</size>
         <input_file_ref idref="fl-d6"/>
      </object_component>
      <object_component id="oc-b4">
         <name>.reset</name>
         <load_address>0xfffe</load_address>
         <run_address>0xfffe</run_address>
         <size>0x2</size>
         <input_file_ref idref="fl-dd"/>
      </object_component>
      <object_component id="oc-1d3">
         <name>.debug_info</name>
         <load_address>0x0</load_address>
         <run_address>0x0</run_address>
         <size>0x1f1</size>
         <input_file_ref idref="fl-2"/>
      </object_component>
      <object_component id="oc-17e">
         <name>.debug_info</name>
         <load_address>0x1f1</load_address>
         <run_address>0x1f1</run_address>
         <size>0xc9</size>
         <input_file_ref idref="fl-2"/>
      </object_component>
      <object_component id="oc-148">
         <name>.debug_info</name>
         <load_address>0x2ba</load_address>
         <run_address>0x2ba</run_address>
         <size>0x132</size>
         <input_file_ref idref="fl-2"/>
      </object_component>
      <object_component id="oc-ca">
         <name>.debug_info</name>
         <load_address>0x3ec</load_address>
         <run_address>0x3ec</run_address>
         <size>0x84</size>
         <input_file_ref idref="fl-2"/>
      </object_component>
      <object_component id="oc-208">
         <name>.debug_info</name>
         <load_address>0x470</load_address>
         <run_address>0x470</run_address>
         <size>0x15b</size>
         <input_file_ref idref="fl-3"/>
      </object_component>
      <object_component id="oc-140">
         <name>.debug_info</name>
         <load_address>0x5cb</load_address>
         <run_address>0x5cb</run_address>
         <size>0x12e</size>
         <input_file_ref idref="fl-3"/>
      </object_component>
      <object_component id="oc-236">
         <name>.debug_info</name>
         <load_address>0x6f9</load_address>
         <run_address>0x6f9</run_address>
         <size>0x26b</size>
         <input_file_ref idref="fl-3"/>
      </object_component>
      <object_component id="oc-1c5">
         <name>.debug_info</name>
         <load_address>0x964</load_address>
         <run_address>0x964</run_address>
         <size>0x282</size>
         <input_file_ref idref="fl-3"/>
      </object_component>
      <object_component id="oc-16d">
         <name>.debug_info</name>
         <load_address>0xbe6</load_address>
         <run_address>0xbe6</run_address>
         <size>0xbb</size>
         <input_file_ref idref="fl-3"/>
      </object_component>
      <object_component id="oc-173">
         <name>.debug_info</name>
         <load_address>0xca1</load_address>
         <run_address>0xca1</run_address>
         <size>0x10b</size>
         <input_file_ref idref="fl-4"/>
      </object_component>
      <object_component id="oc-17a">
         <name>.debug_info</name>
         <load_address>0xdac</load_address>
         <run_address>0xdac</run_address>
         <size>0x135</size>
         <input_file_ref idref="fl-c5"/>
      </object_component>
      <object_component id="oc-1cc">
         <name>.debug_info</name>
         <load_address>0xee1</load_address>
         <run_address>0xee1</run_address>
         <size>0x121</size>
         <input_file_ref idref="fl-c6"/>
      </object_component>
      <object_component id="oc-c0">
         <name>.debug_info</name>
         <load_address>0x1002</load_address>
         <run_address>0x1002</run_address>
         <size>0x12e</size>
         <input_file_ref idref="fl-c9"/>
      </object_component>
      <object_component id="oc-dd">
         <name>.debug_info</name>
         <load_address>0x1130</load_address>
         <run_address>0x1130</run_address>
         <size>0x10f</size>
         <input_file_ref idref="fl-d7"/>
      </object_component>
      <object_component id="oc-b6">
         <name>.debug_info</name>
         <load_address>0x123f</load_address>
         <run_address>0x123f</run_address>
         <size>0x120</size>
         <input_file_ref idref="fl-d8"/>
      </object_component>
      <object_component id="oc-bd">
         <name>.debug_info</name>
         <load_address>0x135f</load_address>
         <run_address>0x135f</run_address>
         <size>0x120</size>
         <input_file_ref idref="fl-d9"/>
      </object_component>
      <object_component id="oc-183">
         <name>.debug_info</name>
         <load_address>0x147f</load_address>
         <run_address>0x147f</run_address>
         <size>0x121</size>
         <input_file_ref idref="fl-db"/>
      </object_component>
      <object_component id="oc-b2">
         <name>.debug_info</name>
         <load_address>0x15a0</load_address>
         <run_address>0x15a0</run_address>
         <size>0x100</size>
         <input_file_ref idref="fl-dd"/>
      </object_component>
      <object_component id="oc-f4">
         <name>.debug_info</name>
         <load_address>0x16a0</load_address>
         <run_address>0x16a0</run_address>
         <size>0x17a</size>
         <input_file_ref idref="fl-dd"/>
      </object_component>
      <object_component id="oc-1ee">
         <name>.debug_info</name>
         <load_address>0x181a</load_address>
         <run_address>0x181a</run_address>
         <size>0x3de</size>
         <input_file_ref idref="fl-de"/>
      </object_component>
      <object_component id="oc-194">
         <name>.debug_info</name>
         <load_address>0x1bf8</load_address>
         <run_address>0x1bf8</run_address>
         <size>0x1e0</size>
         <input_file_ref idref="fl-de"/>
      </object_component>
      <object_component id="oc-223">
         <name>.debug_info</name>
         <load_address>0x1dd8</load_address>
         <run_address>0x1dd8</run_address>
         <size>0x39</size>
         <input_file_ref idref="fl-de"/>
      </object_component>
      <object_component id="oc-22f">
         <name>.debug_info</name>
         <load_address>0x1e11</load_address>
         <run_address>0x1e11</run_address>
         <size>0x2c</size>
         <input_file_ref idref="fl-de"/>
      </object_component>
      <object_component id="oc-1f9">
         <name>.debug_info</name>
         <load_address>0x1e3d</load_address>
         <run_address>0x1e3d</run_address>
         <size>0x2c</size>
         <input_file_ref idref="fl-de"/>
      </object_component>
      <object_component id="oc-228">
         <name>.debug_info</name>
         <load_address>0x1e69</load_address>
         <run_address>0x1e69</run_address>
         <size>0xcd</size>
         <input_file_ref idref="fl-de"/>
      </object_component>
      <object_component id="oc-12a">
         <name>.debug_info</name>
         <load_address>0x1f36</load_address>
         <run_address>0x1f36</run_address>
         <size>0x2c</size>
         <input_file_ref idref="fl-df"/>
      </object_component>
      <object_component id="oc-1e8">
         <name>.debug_info</name>
         <load_address>0x1f62</load_address>
         <run_address>0x1f62</run_address>
         <size>0x150</size>
         <input_file_ref idref="fl-e2"/>
      </object_component>
      <object_component id="oc-db">
         <name>.debug_info</name>
         <load_address>0x20b2</load_address>
         <run_address>0x20b2</run_address>
         <size>0x180</size>
         <input_file_ref idref="fl-e3"/>
      </object_component>
      <object_component id="oc-3e">
         <name>.debug_info</name>
         <load_address>0x2232</load_address>
         <run_address>0x2232</run_address>
         <size>0x1ea</size>
         <input_file_ref idref="fl-e3"/>
      </object_component>
      <object_component id="oc-d6">
         <name>.debug_info</name>
         <load_address>0x241c</load_address>
         <run_address>0x241c</run_address>
         <size>0x46</size>
         <input_file_ref idref="fl-e3"/>
      </object_component>
      <object_component id="oc-12f">
         <name>.debug_info</name>
         <load_address>0x2462</load_address>
         <run_address>0x2462</run_address>
         <size>0x2c</size>
         <input_file_ref idref="fl-e3"/>
      </object_component>
      <object_component id="oc-127">
         <name>.debug_info</name>
         <load_address>0x248e</load_address>
         <run_address>0x248e</run_address>
         <size>0x176</size>
         <input_file_ref idref="fl-e4"/>
      </object_component>
      <object_component id="oc-35">
         <name>.debug_info</name>
         <load_address>0x2604</load_address>
         <run_address>0x2604</run_address>
         <size>0x292</size>
         <input_file_ref idref="fl-e4"/>
      </object_component>
      <object_component id="oc-c5">
         <name>.debug_info</name>
         <load_address>0x2896</load_address>
         <run_address>0x2896</run_address>
         <size>0x60</size>
         <input_file_ref idref="fl-e4"/>
      </object_component>
      <object_component id="oc-161">
         <name>.debug_info</name>
         <load_address>0x28f6</load_address>
         <run_address>0x28f6</run_address>
         <size>0x46</size>
         <input_file_ref idref="fl-e4"/>
      </object_component>
      <object_component id="oc-122">
         <name>.debug_info</name>
         <load_address>0x293c</load_address>
         <run_address>0x293c</run_address>
         <size>0x39</size>
         <input_file_ref idref="fl-e4"/>
      </object_component>
      <object_component id="oc-187">
         <name>.debug_info</name>
         <load_address>0x2975</load_address>
         <run_address>0x2975</run_address>
         <size>0x122</size>
         <input_file_ref idref="fl-e5"/>
      </object_component>
      <object_component id="oc-129">
         <name>.debug_info</name>
         <load_address>0x2a97</load_address>
         <run_address>0x2a97</run_address>
         <size>0x181</size>
         <input_file_ref idref="fl-e8"/>
      </object_component>
      <object_component id="oc-d1">
         <name>.debug_info</name>
         <load_address>0x2c18</load_address>
         <run_address>0x2c18</run_address>
         <size>0x17a</size>
         <input_file_ref idref="fl-e8"/>
      </object_component>
      <object_component id="oc-28a">
         <name>.debug_info</name>
         <load_address>0x2d92</load_address>
         <run_address>0x2d92</run_address>
         <size>0x9e</size>
      </object_component>
      <object_component id="oc-20b">
         <name>.debug_line</name>
         <load_address>0x0</load_address>
         <run_address>0x0</run_address>
         <size>0x68</size>
         <input_file_ref idref="fl-2"/>
      </object_component>
      <object_component id="oc-1d2">
         <name>.debug_line</name>
         <load_address>0x68</load_address>
         <run_address>0x68</run_address>
         <size>0x2d</size>
         <input_file_ref idref="fl-2"/>
      </object_component>
      <object_component id="oc-147">
         <name>.debug_line</name>
         <load_address>0x95</load_address>
         <run_address>0x95</run_address>
         <size>0x5b</size>
         <input_file_ref idref="fl-2"/>
      </object_component>
      <object_component id="oc-cd">
         <name>.debug_line</name>
         <load_address>0xf0</load_address>
         <run_address>0xf0</run_address>
         <size>0x20</size>
         <input_file_ref idref="fl-2"/>
      </object_component>
      <object_component id="oc-235">
         <name>.debug_line</name>
         <load_address>0x110</load_address>
         <run_address>0x110</run_address>
         <size>0x5b</size>
         <input_file_ref idref="fl-3"/>
      </object_component>
      <object_component id="oc-143">
         <name>.debug_line</name>
         <load_address>0x16b</load_address>
         <run_address>0x16b</run_address>
         <size>0x49</size>
         <input_file_ref idref="fl-3"/>
      </object_component>
      <object_component id="oc-239">
         <name>.debug_line</name>
         <load_address>0x1b4</load_address>
         <run_address>0x1b4</run_address>
         <size>0x72</size>
         <input_file_ref idref="fl-3"/>
      </object_component>
      <object_component id="oc-1c8">
         <name>.debug_line</name>
         <load_address>0x226</load_address>
         <run_address>0x226</run_address>
         <size>0x76</size>
         <input_file_ref idref="fl-3"/>
      </object_component>
      <object_component id="oc-170">
         <name>.debug_line</name>
         <load_address>0x29c</load_address>
         <run_address>0x29c</run_address>
         <size>0x73</size>
         <input_file_ref idref="fl-3"/>
      </object_component>
      <object_component id="oc-176">
         <name>.debug_line</name>
         <load_address>0x30f</load_address>
         <run_address>0x30f</run_address>
         <size>0x50</size>
         <input_file_ref idref="fl-4"/>
      </object_component>
      <object_component id="oc-17c">
         <name>.debug_line</name>
         <load_address>0x35f</load_address>
         <run_address>0x35f</run_address>
         <size>0x4d</size>
         <input_file_ref idref="fl-c5"/>
      </object_component>
      <object_component id="oc-1cf">
         <name>.debug_line</name>
         <load_address>0x3ac</load_address>
         <run_address>0x3ac</run_address>
         <size>0x43</size>
         <input_file_ref idref="fl-c6"/>
      </object_component>
      <object_component id="oc-c3">
         <name>.debug_line</name>
         <load_address>0x3ef</load_address>
         <run_address>0x3ef</run_address>
         <size>0x40</size>
         <input_file_ref idref="fl-c9"/>
      </object_component>
      <object_component id="oc-e0">
         <name>.debug_line</name>
         <load_address>0x42f</load_address>
         <run_address>0x42f</run_address>
         <size>0x3d</size>
         <input_file_ref idref="fl-d7"/>
      </object_component>
      <object_component id="oc-b9">
         <name>.debug_line</name>
         <load_address>0x46c</load_address>
         <run_address>0x46c</run_address>
         <size>0x4e</size>
         <input_file_ref idref="fl-d8"/>
      </object_component>
      <object_component id="oc-bb">
         <name>.debug_line</name>
         <load_address>0x4ba</load_address>
         <run_address>0x4ba</run_address>
         <size>0x5e</size>
         <input_file_ref idref="fl-d9"/>
      </object_component>
      <object_component id="oc-182">
         <name>.debug_line</name>
         <load_address>0x518</load_address>
         <run_address>0x518</run_address>
         <size>0x42</size>
         <input_file_ref idref="fl-db"/>
      </object_component>
      <object_component id="oc-11e">
         <name>.debug_line</name>
         <load_address>0x55a</load_address>
         <run_address>0x55a</run_address>
         <size>0x2a</size>
         <input_file_ref idref="fl-dd"/>
      </object_component>
      <object_component id="oc-f7">
         <name>.debug_line</name>
         <load_address>0x584</load_address>
         <run_address>0x584</run_address>
         <size>0x46</size>
         <input_file_ref idref="fl-dd"/>
      </object_component>
      <object_component id="oc-222">
         <name>.debug_line</name>
         <load_address>0x5ca</load_address>
         <run_address>0x5ca</run_address>
         <size>0xbf</size>
         <input_file_ref idref="fl-de"/>
      </object_component>
      <object_component id="oc-193">
         <name>.debug_line</name>
         <load_address>0x689</load_address>
         <run_address>0x689</run_address>
         <size>0x76</size>
         <input_file_ref idref="fl-de"/>
      </object_component>
      <object_component id="oc-226">
         <name>.debug_line</name>
         <load_address>0x6ff</load_address>
         <run_address>0x6ff</run_address>
         <size>0x2e</size>
         <input_file_ref idref="fl-de"/>
      </object_component>
      <object_component id="oc-232">
         <name>.debug_line</name>
         <load_address>0x72d</load_address>
         <run_address>0x72d</run_address>
         <size>0x9a</size>
         <input_file_ref idref="fl-de"/>
      </object_component>
      <object_component id="oc-1fc">
         <name>.debug_line</name>
         <load_address>0x7c7</load_address>
         <run_address>0x7c7</run_address>
         <size>0x97</size>
         <input_file_ref idref="fl-de"/>
      </object_component>
      <object_component id="oc-22b">
         <name>.debug_line</name>
         <load_address>0x85e</load_address>
         <run_address>0x85e</run_address>
         <size>0x93</size>
         <input_file_ref idref="fl-de"/>
      </object_component>
      <object_component id="oc-12d">
         <name>.debug_line</name>
         <load_address>0x8f1</load_address>
         <run_address>0x8f1</run_address>
         <size>0x92</size>
         <input_file_ref idref="fl-df"/>
      </object_component>
      <object_component id="oc-1ec">
         <name>.debug_line</name>
         <load_address>0x983</load_address>
         <run_address>0x983</run_address>
         <size>0x3a</size>
         <input_file_ref idref="fl-e2"/>
      </object_component>
      <object_component id="oc-135">
         <name>.debug_line</name>
         <load_address>0x9bd</load_address>
         <run_address>0x9bd</run_address>
         <size>0x20</size>
         <input_file_ref idref="fl-e3"/>
      </object_component>
      <object_component id="oc-3b">
         <name>.debug_line</name>
         <load_address>0x9dd</load_address>
         <run_address>0x9dd</run_address>
         <size>0x50</size>
         <input_file_ref idref="fl-e3"/>
      </object_component>
      <object_component id="oc-d9">
         <name>.debug_line</name>
         <load_address>0xa2d</load_address>
         <run_address>0xa2d</run_address>
         <size>0x3a</size>
         <input_file_ref idref="fl-e3"/>
      </object_component>
      <object_component id="oc-132">
         <name>.debug_line</name>
         <load_address>0xa67</load_address>
         <run_address>0xa67</run_address>
         <size>0x92</size>
         <input_file_ref idref="fl-e3"/>
      </object_component>
      <object_component id="oc-167">
         <name>.debug_line</name>
         <load_address>0xaf9</load_address>
         <run_address>0xaf9</run_address>
         <size>0x20</size>
         <input_file_ref idref="fl-e4"/>
      </object_component>
      <object_component id="oc-38">
         <name>.debug_line</name>
         <load_address>0xb19</load_address>
         <run_address>0xb19</run_address>
         <size>0x92</size>
         <input_file_ref idref="fl-e4"/>
      </object_component>
      <object_component id="oc-c8">
         <name>.debug_line</name>
         <load_address>0xbab</load_address>
         <run_address>0xbab</run_address>
         <size>0x3a</size>
         <input_file_ref idref="fl-e4"/>
      </object_component>
      <object_component id="oc-164">
         <name>.debug_line</name>
         <load_address>0xbe5</load_address>
         <run_address>0xbe5</run_address>
         <size>0x9a</size>
         <input_file_ref idref="fl-e4"/>
      </object_component>
      <object_component id="oc-125">
         <name>.debug_line</name>
         <load_address>0xc7f</load_address>
         <run_address>0xc7f</run_address>
         <size>0x96</size>
         <input_file_ref idref="fl-e4"/>
      </object_component>
      <object_component id="oc-18a">
         <name>.debug_line</name>
         <load_address>0xd15</load_address>
         <run_address>0xd15</run_address>
         <size>0x3d</size>
         <input_file_ref idref="fl-e5"/>
      </object_component>
      <object_component id="oc-169">
         <name>.debug_line</name>
         <load_address>0xd52</load_address>
         <run_address>0xd52</run_address>
         <size>0x20</size>
         <input_file_ref idref="fl-e8"/>
      </object_component>
      <object_component id="oc-d0">
         <name>.debug_line</name>
         <load_address>0xd72</load_address>
         <run_address>0xd72</run_address>
         <size>0x42</size>
         <input_file_ref idref="fl-e8"/>
      </object_component>
      <object_component id="oc-146">
         <name>.debug_frame</name>
         <load_address>0x0</load_address>
         <run_address>0x0</run_address>
         <size>0x54</size>
         <input_file_ref idref="fl-2"/>
      </object_component>
      <object_component id="oc-144">
         <name>.debug_frame</name>
         <load_address>0x54</load_address>
         <run_address>0x54</run_address>
         <size>0x3c</size>
         <input_file_ref idref="fl-3"/>
      </object_component>
      <object_component id="oc-177">
         <name>.debug_frame</name>
         <load_address>0x90</load_address>
         <run_address>0x90</run_address>
         <size>0x3c</size>
         <input_file_ref idref="fl-4"/>
      </object_component>
      <object_component id="oc-f8">
         <name>.debug_frame</name>
         <load_address>0xcc</load_address>
         <run_address>0xcc</run_address>
         <size>0x34</size>
         <input_file_ref idref="fl-dd"/>
      </object_component>
      <object_component id="oc-197">
         <name>.debug_frame</name>
         <load_address>0x100</load_address>
         <run_address>0x100</run_address>
         <size>0x44</size>
         <input_file_ref idref="fl-de"/>
      </object_component>
      <object_component id="oc-1eb">
         <name>.debug_frame</name>
         <load_address>0x144</load_address>
         <run_address>0x144</run_address>
         <size>0x3c</size>
         <input_file_ref idref="fl-e2"/>
      </object_component>
      <object_component id="oc-3d">
         <name>.debug_frame</name>
         <load_address>0x180</load_address>
         <run_address>0x180</run_address>
         <size>0x3c</size>
         <input_file_ref idref="fl-e3"/>
      </object_component>
      <object_component id="oc-39">
         <name>.debug_frame</name>
         <load_address>0x1bc</load_address>
         <run_address>0x1bc</run_address>
         <size>0x48</size>
         <input_file_ref idref="fl-e4"/>
      </object_component>
      <object_component id="oc-18b">
         <name>.debug_frame</name>
         <load_address>0x204</load_address>
         <run_address>0x204</run_address>
         <size>0x3c</size>
         <input_file_ref idref="fl-e5"/>
      </object_component>
      <object_component id="oc-d4">
         <name>.debug_frame</name>
         <load_address>0x240</load_address>
         <run_address>0x240</run_address>
         <size>0x3c</size>
         <input_file_ref idref="fl-e8"/>
      </object_component>
      <object_component id="oc-20a">
         <name>.debug_abbrev</name>
         <load_address>0x0</load_address>
         <run_address>0x0</run_address>
         <size>0x7a</size>
         <input_file_ref idref="fl-2"/>
      </object_component>
      <object_component id="oc-1d1">
         <name>.debug_abbrev</name>
         <load_address>0x7a</load_address>
         <run_address>0x7a</run_address>
         <size>0x29</size>
         <input_file_ref idref="fl-2"/>
      </object_component>
      <object_component id="oc-185">
         <name>.debug_abbrev</name>
         <load_address>0xa3</load_address>
         <run_address>0xa3</run_address>
         <size>0x6e</size>
         <input_file_ref idref="fl-2"/>
      </object_component>
      <object_component id="oc-cc">
         <name>.debug_abbrev</name>
         <load_address>0x111</load_address>
         <run_address>0x111</run_address>
         <size>0x1f</size>
         <input_file_ref idref="fl-2"/>
      </object_component>
      <object_component id="oc-234">
         <name>.debug_abbrev</name>
         <load_address>0x130</load_address>
         <run_address>0x130</run_address>
         <size>0x44</size>
         <input_file_ref idref="fl-3"/>
      </object_component>
      <object_component id="oc-16c">
         <name>.debug_abbrev</name>
         <load_address>0x174</load_address>
         <run_address>0x174</run_address>
         <size>0x52</size>
         <input_file_ref idref="fl-3"/>
      </object_component>
      <object_component id="oc-238">
         <name>.debug_abbrev</name>
         <load_address>0x1c6</load_address>
         <run_address>0x1c6</run_address>
         <size>0x69</size>
         <input_file_ref idref="fl-3"/>
      </object_component>
      <object_component id="oc-1c7">
         <name>.debug_abbrev</name>
         <load_address>0x22f</load_address>
         <run_address>0x22f</run_address>
         <size>0x35</size>
         <input_file_ref idref="fl-3"/>
      </object_component>
      <object_component id="oc-16f">
         <name>.debug_abbrev</name>
         <load_address>0x264</load_address>
         <run_address>0x264</run_address>
         <size>0x24</size>
         <input_file_ref idref="fl-3"/>
      </object_component>
      <object_component id="oc-1ca">
         <name>.debug_abbrev</name>
         <load_address>0x288</load_address>
         <run_address>0x288</run_address>
         <size>0x6c</size>
         <input_file_ref idref="fl-4"/>
      </object_component>
      <object_component id="oc-1d0">
         <name>.debug_abbrev</name>
         <load_address>0x2f4</load_address>
         <run_address>0x2f4</run_address>
         <size>0x4a</size>
         <input_file_ref idref="fl-c5"/>
      </object_component>
      <object_component id="oc-209">
         <name>.debug_abbrev</name>
         <load_address>0x33e</load_address>
         <run_address>0x33e</run_address>
         <size>0x3c</size>
         <input_file_ref idref="fl-c6"/>
      </object_component>
      <object_component id="oc-121">
         <name>.debug_abbrev</name>
         <load_address>0x37a</load_address>
         <run_address>0x37a</run_address>
         <size>0x3a</size>
         <input_file_ref idref="fl-c9"/>
      </object_component>
      <object_component id="oc-136">
         <name>.debug_abbrev</name>
         <load_address>0x3b4</load_address>
         <run_address>0x3b4</run_address>
         <size>0x28</size>
         <input_file_ref idref="fl-d7"/>
      </object_component>
      <object_component id="oc-11f">
         <name>.debug_abbrev</name>
         <load_address>0x3dc</load_address>
         <run_address>0x3dc</run_address>
         <size>0x3c</size>
         <input_file_ref idref="fl-d8"/>
      </object_component>
      <object_component id="oc-120">
         <name>.debug_abbrev</name>
         <load_address>0x418</load_address>
         <run_address>0x418</run_address>
         <size>0x3c</size>
         <input_file_ref idref="fl-d9"/>
      </object_component>
      <object_component id="oc-1d4">
         <name>.debug_abbrev</name>
         <load_address>0x454</load_address>
         <run_address>0x454</run_address>
         <size>0x3c</size>
         <input_file_ref idref="fl-db"/>
      </object_component>
      <object_component id="oc-11d">
         <name>.debug_abbrev</name>
         <load_address>0x490</load_address>
         <run_address>0x490</run_address>
         <size>0x29</size>
         <input_file_ref idref="fl-dd"/>
      </object_component>
      <object_component id="oc-14e">
         <name>.debug_abbrev</name>
         <load_address>0x4b9</load_address>
         <run_address>0x4b9</run_address>
         <size>0x58</size>
         <input_file_ref idref="fl-dd"/>
      </object_component>
      <object_component id="oc-221">
         <name>.debug_abbrev</name>
         <load_address>0x511</load_address>
         <run_address>0x511</run_address>
         <size>0xc0</size>
         <input_file_ref idref="fl-de"/>
      </object_component>
      <object_component id="oc-1ed">
         <name>.debug_abbrev</name>
         <load_address>0x5d1</load_address>
         <run_address>0x5d1</run_address>
         <size>0x7e</size>
         <input_file_ref idref="fl-de"/>
      </object_component>
      <object_component id="oc-225">
         <name>.debug_abbrev</name>
         <load_address>0x64f</load_address>
         <run_address>0x64f</run_address>
         <size>0x24</size>
         <input_file_ref idref="fl-de"/>
      </object_component>
      <object_component id="oc-231">
         <name>.debug_abbrev</name>
         <load_address>0x673</load_address>
         <run_address>0x673</run_address>
         <size>0x24</size>
         <input_file_ref idref="fl-de"/>
      </object_component>
      <object_component id="oc-1fb">
         <name>.debug_abbrev</name>
         <load_address>0x697</load_address>
         <run_address>0x697</run_address>
         <size>0x24</size>
         <input_file_ref idref="fl-de"/>
      </object_component>
      <object_component id="oc-22a">
         <name>.debug_abbrev</name>
         <load_address>0x6bb</load_address>
         <run_address>0x6bb</run_address>
         <size>0x4b</size>
         <input_file_ref idref="fl-de"/>
      </object_component>
      <object_component id="oc-12c">
         <name>.debug_abbrev</name>
         <load_address>0x706</load_address>
         <run_address>0x706</run_address>
         <size>0x24</size>
         <input_file_ref idref="fl-df"/>
      </object_component>
      <object_component id="oc-220">
         <name>.debug_abbrev</name>
         <load_address>0x72a</load_address>
         <run_address>0x72a</run_address>
         <size>0x53</size>
[...]
         <value>0x41</value>
      </symbol>
      <symbol id="sm-1e">
         <name>P1REN</name>
         <value>0x27</value>
      </symbol>
      <symbol id="sm-1f">
         <name>P2IN</name>
         <value>0x28</value>
      </symbol>
      <symbol id="sm-20">
         <name>P2OUT</name>
         <value>0x29</value>
      </symbol>
      <symbol id="sm-21">
         <name>P2DIR</name>
         <value>0x2a</value>
      </symbol>
      <symbol id="sm-22">
         <name>P2IFG</name>
         <value>0x2b</value>
      </symbol>
      <symbol id="sm-23">
         <name>P2IES</name>
         <value>0x2c</value>
      </symbol>
      <symbol id="sm-24">
         <name>P2IE</name>
         <value>0x2d</value>
      </symbol>
      <symbol id="sm-25">
         <name>P2SEL</name>
         <value>0x2e</value>
      </symbol>
      <symbol id="sm-26">
         <name>P2SEL2</name>
         <value>0x42</value>
      </symbol>
      <symbol id="sm-27">
         <name>P2REN</name>
         <value>0x2f</value>
      </symbol>
      <symbol id="sm-28">
         <name>P3IN</name>
         <value>0x18</value>
      </symbol>
      <symbol id="sm-29">
         <name>P3OUT</name>
         <value>0x19</value>
      </symbol>
      <symbol id="sm-2a">
         <name>P3DIR</name>
         <value>0x1a</value>
      </symbol>
      <symbol id="sm-2b">
         <name>P3SEL</name>
         <value>0x1b</value>
      </symbol>
      <symbol id="sm-2c">
         <name>P3SEL2</name>
         <value>0x43</value>
      </symbol>
      <symbol id="sm-2d">
         <name>P3REN</name>
         <value>0x10</value>
      </symbol>
      <symbol id="sm-2e">
         <name>TA0IV</name>
         <value>0x12e</value>
      </symbol>
      <symbol id="sm-2f">
         <name>TA0CTL</name>
         <value>0x160</value>
      </symbol>
      <symbol id="sm-30">
         <name>TA0CCTL0</name>
         <value>0x162</value>
      </symbol>
      <symbol id="sm-31">
         <name>TA0CCTL1</name>
         <value>0x164</value>
      </symbol>
      <symbol id="sm-32">
         <name>TA0CCTL2</name>
         <value>0x166</value>
      </symbol>
      <symbol id="sm-33">
         <name>TA0R</name>
         <value>0x170</value>
      </symbol>
      <symbol id="sm-34">
         <name>TA0CCR0</name>
         <value>0x172</value>
      </symbol>
      <symbol id="sm-35">
         <name>TA0CCR1</name>
         <value>0x174</value>
      </symbol>
      <symbol id="sm-36">
         <name>TA0CCR2</name>
         <value>0x176</value>
      </symbol>
      <symbol id="sm-37">
         <name>TA1IV</name>
         <value>0x11e</value>
      </symbol>
      <symbol id="sm-38">
         <name>TA1CTL</name>
         <value>0x180</value>
      </symbol>
      <symbol id="sm-39">
         <name>TA1CCTL0</name>
         <value>0x182</value>
      </symbol>
      <symbol id="sm-3a">
         <name>TA1CCTL1</name>
         <value>0x184</value>
      </symbol>
      <symbol id="sm-3b">
         <name>TA1CCTL2</name>
         <value>0x186</value>
      </symbol>
      <symbol id="sm-3c">
         <name>TA1R</name>
         <value>0x190</value>
      </symbol>
      <symbol id="sm-3d">
         <name>TA1CCR0</name>
         <value>0x192</value>
      </symbol>
      <symbol id="sm-3e">
         <name>TA1CCR1</name>
         <value>0x194</value>
      </symbol>
      <symbol id="sm-3f">
         <name>TA1CCR2</name>
         <value>0x196</value>
      </symbol>
      <symbol id="sm-40">
         <name>UCA0CTL0</name>
         <value>0x60</value>
      </symbol>
      <symbol id="sm-41">
         <name>UCA0CTL1</name>
         <value>0x61</value>
      </symbol>
      <symbol id="sm-42">
         <name>UCA0BR0</name>
         <value>0x62</value>
      </symbol>
      <symbol id="sm-43">
         <name>UCA0BR1</name>
         <value>0x63</value>
      </symbol>
      <symbol id="sm-44">
         <name>UCA0MCTL</name>
         <value>0x64</value>
      </symbol>
      <symbol id="sm-45">
         <name>UCA0STAT</name>
         <value>0x65</value>
      </symbol>
      <symbol id="sm-46">
         <name>UCA0RXBUF</name>
         <value>0x66</value>
      </symbol>
      <symbol id="sm-47">
         <name>UCA0TXBUF</name>
         <value>0x67</value>
      </symbol>
      <symbol id="sm-48">
         <name>UCA0ABCTL</name>
         <value>0x5d</value>
      </symbol>
      <symbol id="sm-49">
         <name>UCA0IRTCTL</name>
         <value>0x5e</value>
      </symbol>
      <symbol id="sm-4a">
         <name>UCA0IRRCTL</name>
         <value>0x5f</value>
      </symbol>
      <symbol id="sm-4b">
         <name>UCB0CTL0</name>
         <value>0x68</value>
      </symbol>
      <symbol id="sm-4c">
         <name>UCB0CTL1</name>
         <value>0x69</value>
      </symbol>
      <symbol id="sm-4d">
         <name>UCB0BR0</name>
         <value>0x6a</value>
      </symbol>
      <symbol id="sm-4e">
         <name>UCB0BR1</name>
         <value>0x6b</value>
      </symbol>
      <symbol id="sm-4f">
         <name>UCB0I2CIE</name>
         <value>0x6c</value>
      </symbol>
      <symbol id="sm-50">
         <name>UCB0STAT</name>
         <value>0x6d</value>
      </symbol>
      <symbol id="sm-51">
         <name>UCB0RXBUF</name>
         <value>0x6e</value>
      </symbol>
      <symbol id="sm-52">
         <name>UCB0TXBUF</name>
         <value>0x6f</value>
      </symbol>
      <symbol id="sm-53">
         <name>UCB0I2COA</name>
         <value>0x118</value>
      </symbol>
      <symbol id="sm-54">
         <name>UCB0I2CSA</name>
         <value>0x11a</value>
      </symbol>
      <symbol id="sm-55">
         <name>WDTCTL</name>
         <value>0x120</value>
      </symbol>
      <symbol id="sm-56">
         <name>CALDCO_16MHZ</name>
         <value>0x10f8</value>
      </symbol>
      <symbol id="sm-57">
         <name>CALBC1_16MHZ</name>
         <value>0x10f9</value>
      </symbol>
      <symbol id="sm-58">
         <name>CALDCO_12MHZ</name>
         <value>0x10fa</value>
      </symbol>
      <symbol id="sm-59">
         <name>CALBC1_12MHZ</name>
         <value>0x10fb</value>
      </symbol>
      <symbol id="sm-5a">
         <name>CALDCO_8MHZ</name>
         <value>0x10fc</value>
      </symbol>
      <symbol id="sm-5b">
         <name>CALBC1_8MHZ</name>
         <value>0x10fd</value>
      </symbol>
      <symbol id="sm-5c">
         <name>CALDCO_1MHZ</name>
         <value>0x10fe</value>
      </symbol>
      <symbol id="sm-5d">
         <name>CALBC1_1MHZ</name>
         <value>0x10ff</value>
      </symbol>
      <symbol id="sm-5e">
         <name>TLV_CHECKSUM</name>
         <value>0x10c0</value>
      </symbol>
      <symbol id="sm-5f">
         <name>TLV_DCO_30_TAG</name>
         <value>0x10f6</value>
      </symbol>
      <symbol id="sm-60">
         <name>TLV_DCO_30_LEN</name>
         <value>0x10f7</value>
      </symbol>
      <symbol id="sm-61">
         <name>TLV_ADC10_1_TAG</name>
         <value>0x10da</value>
      </symbol>
      <symbol id="sm-62">
         <name>TLV_ADC10_1_LEN</name>
         <value>0x10db</value>
      </symbol>
      <symbol id="sm-63">
         <name>__TI_CINIT_Base</name>
         <value>0xc2b8</value>
      </symbol>
      <symbol id="sm-64">
         <name>__TI_CINIT_Limit</name>
         <value>0xc2bc</value>
      </symbol>
      <symbol id="sm-65">
         <name>__TI_CINIT_Warm</name>
         <value>0xc2bc</value>
      </symbol>
      <symbol id="sm-66">
         <name>__TI_Handler_Table_Base</name>
         <value>0xc2b4</value>
      </symbol>
      <symbol id="sm-67">
         <name>__TI_Handler_Table_Limit</name>
         <value>0xc2b8</value>
      </symbol>
      <symbol id="sm-68">
         <name>__STACK_SIZE</name>
         <value>0x50</value>
      </symbol>
      <symbol id="sm-69">
         <name>__STACK_END</name>
         <value>0x400</value>
      </symbol>
      <symbol id="sm-6a">
         <name>__c_args__</name>
         <value>0xffffffff</value>
      </symbol>
      <symbol id="sm-6b">
         <name>__TI_pprof_out_hndl</name>
         <value>0xffffffff</value>
      </symbol>
      <symbol id="sm-6c">
         <name>__TI_prof_data_start</name>
         <value>0xffffffff</value>
      </symbol>
      <symbol id="sm-6d">
         <name>__TI_prof_data_size</name>
         <value>0xffffffff</value>
      </symbol>
      <symbol id="sm-b2">
         <name>times</name>
         <value>0x200</value>
         <object_component_ref idref="oc-17d"/>
      </symbol>
      <symbol id="sm-b3">
         <name>main</name>
         <value>0xc07c</value>
         <object_component_ref idref="oc-145"/>
      </symbol>
      <symbol id="sm-ce">
         <name>_system_pre_init</name>
         <value>0xc25e</value>
         <object_component_ref idref="oc-13f"/>
      </symbol>
      <symbol id="sm-d9">
         <name>wait</name>
         <value>0xc1bc</value>
         <object_component_ref idref="oc-172"/>
      </symbol>
      <symbol id="sm-18b">
         <name>__mspabi_remi</name>
         <value>0xc164</value>
         <object_component_ref idref="oc-178"/>
      </symbol>
      <symbol id="sm-18c">
         <name>__mspabi_divi</name>
         <value>0xc164</value>
         <object_component_ref idref="oc-178"/>
      </symbol>
      <symbol id="sm-196">
         <name>__mspabi_remu</name>
         <value>0xc200</value>
         <object_component_ref idref="oc-1cb"/>
      </symbol>
      <symbol id="sm-197">
         <name>__mspabi_divu</name>
         <value>0xc200</value>
         <object_component_ref idref="oc-1cb"/>
      </symbol>
      <symbol id="sm-1a2">
         <name>__mspabi_func_epilog_2</name>
         <value>0xc258</value>
         <object_component_ref idref="oc-bf"/>
      </symbol>
      <symbol id="sm-1a3">
         <name>__mspabi_func_epilog_3</name>
         <value>0xc256</value>
         <object_component_ref idref="oc-bf"/>
      </symbol>
      <symbol id="sm-1a4">
         <name>__mspabi_func_epilog_1</name>
         <value>0xc25a</value>
         <object_component_ref idref="oc-bf"/>
      </symbol>
      <symbol id="sm-1a5">
         <name>__mspabi_func_epilog_6</name>
         <value>0xc250</value>
         <object_component_ref idref="oc-bf"/>
      </symbol>
      <symbol id="sm-1a6">
         <name>__mspabi_func_epilog_7</name>
         <value>0xc24e</value>
         <object_component_ref idref="oc-bf"/>
      </symbol>
      <symbol id="sm-1a7">
         <name>__mspabi_func_epilog_4</name>
         <value>0xc254</value>
         <object_component_ref idref="oc-bf"/>
      </symbol>
      <symbol id="sm-1a8">
         <name>__mspabi_func_epilog_5</name>
         <value>0xc252</value>
         <object_component_ref idref="oc-bf"/>
      </symbol>
      <symbol id="sm-1ab">
         <name>__TI_int00</name>
         <value>0xffe0</value>
         <object_component_ref idref="oc-40"/>
      </symbol>
      <symbol id="sm-1ae">
         <name>__TI_int02</name>
         <value>0xffe4</value>
         <object_component_ref idref="oc-41"/>
      </symbol>
      <symbol id="sm-1b1">
         <name>__TI_int03</name>
         <value>0xffe6</value>
         <object_component_ref idref="oc-42"/>
      </symbol>
      <symbol id="sm-1b4">
         <name>__TI_int05</name>
         <value>0xffea</value>
         <object_component_ref idref="oc-43"/>
      </symbol>
      <symbol id="sm-1b7">
         <name>__TI_int06</name>
         <value>0xffec</value>
         <object_component_ref idref="oc-44"/>
      </symbol>
      <symbol id="sm-1ba">
         <name>__TI_int07</name>
         <value>0xffee</value>
         <object_component_ref idref="oc-45"/>
      </symbol>
      <symbol id="sm-1bd">
         <name>__TI_int08</name>
         <value>0xfff0</value>
         <object_component_ref idref="oc-46"/>
      </symbol>
      <symbol id="sm-1c0">
         <name>__TI_int09</name>
         <value>0xfff2</value>
         <object_component_ref idref="oc-47"/>
      </symbol>
      <symbol id="sm-1c3">
         <name>__TI_int10</name>
         <value>0xfff4</value>
         <object_component_ref idref="oc-48"/>
      </symbol>
      <symbol id="sm-1c6">
         <name>__TI_int11</name>
         <value>0xfff6</value>
         <object_component_ref idref="oc-49"/>
      </symbol>
      <symbol id="sm-1c9">
         <name>__TI_int12</name>
         <value>0xfff8</value>
         <object_component_ref idref="oc-4a"/>
      </symbol>
      <symbol id="sm-1cc">
         <name>__TI_int13</name>
         <value>0xfffa</value>
         <object_component_ref idref="oc-4b"/>
      </symbol>
      <symbol id="sm-1cf">
         <name>__TI_int14</name>
         <value>0xfffc</value>
         <object_component_ref idref="oc-4c"/>
      </symbol>
      <symbol id="sm-1d7">
         <name>__TI_ISR_TRAP</name>
         <value>0xc268</value>
         <object_component_ref idref="oc-dc"/>
      </symbol>
      <symbol id="sm-1df">
         <name>__mspabi_slli</name>
         <value>0xc190</value>
         <object_component_ref idref="oc-b5"/>
      </symbol>
      <symbol id="sm-1e0">
         <name>__mspabi_slli_9</name>
         <value>0xc1a8</value>
         <object_component_ref idref="oc-b5"/>
      </symbol>
      <symbol id="sm-1e1">
         <name>__mspabi_slli_8</name>
         <value>0xc1aa</value>
         <object_component_ref idref="oc-b5"/>
      </symbol>
      <symbol id="sm-1e2">
         <name>__mspabi_slli_7</name>
         <value>0xc1ac</value>
         <object_component_ref idref="oc-b5"/>
      </symbol>
      <symbol id="sm-1e3">
         <name>__mspabi_slli_6</name>
         <value>0xc1ae</value>
         <object_component_ref idref="oc-b5"/>
      </symbol>
      <symbol id="sm-1e4">
         <name>__mspabi_slli_5</name>
         <value>0xc1b0</value>
         <object_component_ref idref="oc-b5"/>
      </symbol>
      <symbol id="sm-1e5">
         <name>__mspabi_slli_4</name>
         <value>0xc1b2</value>
         <object_component_ref idref="oc-b5"/>
      </symbol>
      <symbol id="sm-1e6">
         <name>__mspabi_slli_3</name>
         <value>0xc1b4</value>
         <object_component_ref idref="oc-b5"/>
      </symbol>
      <symbol id="sm-1e7">
         <name>__mspabi_slli_2</name>
         <value>0xc1b6</value>
         <object_component_ref idref="oc-b5"/>
      </symbol>
      <symbol id="sm-1e8">
         <name>__mspabi_slli_1</name>
         <value>0xc1b8</value>
         <object_component_ref idref="oc-b5"/>
      </symbol>
      <symbol id="sm-1e9">
         <name>__mspabi_slli_15</name>
         <value>0xc19c</value>
         <object_component_ref idref="oc-b5"/>
      </symbol>
      <symbol id="sm-1ea">
         <name>__mspabi_slli_14</name>
         <value>0xc19e</value>
         <object_component_ref idref="oc-b5"/>
      </symbol>
      <symbol id="sm-1eb">
         <name>__mspabi_slli_13</name>
         <value>0xc1a0</value>
         <object_component_ref idref="oc-b5"/>
      </symbol>
      <symbol id="sm-1ec">
         <name>__mspabi_slli_12</name>
         <value>0xc1a2</value>
         <object_component_ref idref="oc-b5"/>
      </symbol>
      <symbol id="sm-1ed">
         <name>__mspabi_slli_11</name>
         <value>0xc1a4</value>
         <object_component_ref idref="oc-b5"/>
      </symbol>
      <symbol id="sm-1ee">
         <name>__mspabi_slli_10</name>
         <value>0xc1a6</value>
         <object_component_ref idref="oc-b5"/>
      </symbol>
      <symbol id="sm-1f6">
         <name>__mspabi_srli_8</name>
         <value>0xc100</value>
         <object_component_ref idref="oc-ba"/>
      </symbol>
      <symbol id="sm-1f7">
         <name>__mspabi_srli_9</name>
         <value>0xc0fc</value>
         <object_component_ref idref="oc-ba"/>
      </symbol>
      <symbol id="sm-1f8">
         <name>__mspabi_srli_6</name>
         <value>0xc108</value>
         <object_component_ref idref="oc-ba"/>
      </symbol>
      <symbol id="sm-1f9">
         <name>__mspabi_srli_7</name>
         <value>0xc104</value>
         <object_component_ref idref="oc-ba"/>
      </symbol>
      <symbol id="sm-1fa">
         <name>__mspabi_srli_4</name>
         <value>0xc110</value>
         <object_component_ref idref="oc-ba"/>
      </symbol>
      <symbol id="sm-1fb">
         <name>__mspabi_srli_5</name>
         <value>0xc10c</value>
         <object_component_ref idref="oc-ba"/>
      </symbol>
      <symbol id="sm-1fc">
         <name>__mspabi_srli_2</name>
         <value>0xc118</value>
         <object_component_ref idref="oc-ba"/>
      </symbol>
      <symbol id="sm-1fd">
         <name>__mspabi_srli_3</name>
         <value>0xc114</value>
         <object_component_ref idref="oc-ba"/>
      </symbol>
      <symbol id="sm-1fe">
         <name>__mspabi_srli_1</name>
         <value>0xc11c</value>
         <object_component_ref idref="oc-ba"/>
      </symbol>
      <symbol id="sm-1ff">
         <name>__mspabi_srli</name>
         <value>0xc0d6</value>
         <object_component_ref idref="oc-ba"/>
      </symbol>
      <symbol id="sm-200">
         <name>__mspabi_srli_15</name>
         <value>0xc0e4</value>
         <object_component_ref idref="oc-ba"/>
      </symbol>
      <symbol id="sm-201">
         <name>__mspabi_srli_14</name>
         <value>0xc0e8</value>
         <object_component_ref idref="oc-ba"/>
      </symbol>
      <symbol id="sm-202">
         <name>__mspabi_srli_13</name>
         <value>0xc0ec</value>
         <object_component_ref idref="oc-ba"/>
      </symbol>
      <symbol id="sm-203">
         <name>__mspabi_srli_12</name>
         <value>0xc0f0</value>
         <object_component_ref idref="oc-ba"/>
      </symbol>
      <symbol id="sm-204">
         <name>__mspabi_srli_11</name>
         <value>0xc0f4</value>
         <object_component_ref idref="oc-ba"/>
      </symbol>
      <symbol id="sm-205">
         <name>__mspabi_srli_10</name>
         <value>0xc0f8</value>
         <object_component_ref idref="oc-ba"/>
      </symbol>
      <symbol id="sm-210">
         <name>__mspabi_mpyi_sw</name>
         <value>0xc216</value>
         <object_component_ref idref="oc-180"/>
      </symbol>
      <symbol id="sm-211">
         <name>__mspabi_mpyi</name>
         <value>0xc216</value>
         <object_component_ref idref="oc-180"/>
      </symbol>
      <symbol id="sm-222">
         <name>_stack</name>
         <value>0x3b0</value>
         <object_component_ref idref="oc-b1"/>
      </symbol>
      <symbol id="sm-223">
         <name>_c_int00_noargs</name>
         <value>0xc1e4</value>
         <object_component_ref idref="oc-f3"/>
      </symbol>
      <symbol id="sm-224">
         <name>_reset_vector</name>
         <value>0xfffe</value>
         <object_component_ref idref="oc-b4"/>
      </symbol>
      <symbol id="sm-246">
         <name>__TI_auto_init_nobinit_nopinit</name>
         <value>0xc122</value>
         <object_component_ref idref="oc-192"/>
      </symbol>
      <symbol id="sm-257">
         <name>_system_post_cinit</name>
         <value>0xc276</value>
         <object_component_ref idref="oc-1e7"/>
      </symbol>
      <symbol id="sm-26d">
         <name>__TI_decompress_none</name>
         <value>0xc22a</value>
         <object_component_ref idref="oc-3a"/>
      </symbol>
      <symbol id="sm-290">
         <name>__TI_decompress_lzss</name>
         <value>0xc000</value>
         <object_component_ref idref="oc-34"/>
      </symbol>
      <symbol id="sm-29a">
         <name>C$$EXIT</name>
         <value>0xc270</value>
         <object_component_ref idref="oc-186"/>
      </symbol>
      <symbol id="sm-29b">
         <name>abort</name>
         <value>0xc270</value>
         <object_component_ref idref="oc-186"/>
      </symbol>
      <symbol id="sm-2ab">
         <name>memcpy</name>
         <value>0xc23c</value>
         <object_component_ref idref="oc-cf"/>
      </symbol>
   </symbol_table>
   <title>Link successful</title>
</link_info>
